0 verbose cli /usr/local/bin/node /usr/local/lib/node_modules/npm/bin/npm-cli.js
1 info using npm@11.9.0
2 info using node@v24.14.0
3 silly config load:file:/usr/local/lib/node_modules/npm/npmrc
4 silly config load:file:/Users/shoheikaneko/Desktop/antigravity_かね将ポータル/.npmrc
5 silly config load:file:/Users/shoheikaneko/.npmrc
6 silly config load:file:/usr/local/etc/npmrc
7 verbose title npm exec create-vite@latest --help
8 verbose argv "exec" "--cache" "./npm-cache" "--yes" "--" "create-vite@latest" "--help"
9 verbose logfile logs-max:10 dir:/Users/shoheikaneko/Desktop/antigravity_かね将ポータル/npm-cache/_logs/2026-07-01T05_21_31_465Z-
10 verbose logfile /Users/shoheikaneko/Desktop/antigravity_かね将ポータル/npm-cache/_logs/2026-07-01T05_21_31_465Z-debug-0.log
11 silly logfile done cleaning log files
12 silly packumentCache heap:4496293888 maxSize:1124073472 maxEntrySize:562036736
13 http fetch GET 200 https://registry.npmjs.org/npm 236ms
14 http fetch GET 200 https://registry.npmjs.org/create-vite 240ms (cache miss)
15 silly packumentCache heap:4496293888 maxSize:1124073472 maxEntrySize:562036736
16 silly packumentCache heap:4496293888 maxSize:1124073472 maxEntrySize:562036736
17 silly idealTree buildDeps
18 silly fetch manifest create-vite@9.1.1
19 silly packumentCache full:https://registry.npmjs.org/create-vite cache-miss
20 http fetch GET 200 https://registry.npmjs.org/create-vite 82ms (cache miss)
21 silly packumentCache full:https://registry.npmjs.org/create-vite set size:undefined disposed:false
22 silly placeDep ROOT create-vite@9.1.1 OK for:  want: 9.1.1
23 silly reify moves {}
24 silly audit bulk request { 'create-vite': [ '9.1.1' ] }
25 http cache create-vite@https://registry.npmjs.org/create-vite/-/create-vite-9.1.1.tgz 0ms (cache hit)
26 silly tarball no local data for create-vite@https://registry.npmjs.org/create-vite/-/create-vite-9.1.1.tgz. Extracting by manifest.
27 http fetch POST 200 https://registry.npmjs.org/-/npm/v1/security/advisories/bulk 161ms
28 silly audit report {}
29 http fetch GET 200 https://registry.npmjs.org/create-vite/-/create-vite-9.1.1.tgz 197ms (cache miss)
30 verbose cwd /Users/shoheikaneko/Desktop/antigravity_かね将ポータル
31 verbose os Darwin 24.6.0
32 verbose node v24.14.0
33 verbose npm  v11.9.0
34 notice
34 notice New minor version of npm available! 11.9.0 -> 11.18.0
34 notice Changelog: https://github.com/npm/cli/releases/tag/v11.18.0
34 notice To update run: npm install -g npm@11.18.0
34 notice  { force: true, Symbol(proc-log.meta): true }
35 verbose exit 0
36 info ok
