0 verbose cli /usr/local/bin/node /usr/local/lib/node_modules/npm/bin/npm-cli.js
1 info using npm@11.9.0
2 info using node@v24.14.0
3 silly config load:file:/usr/local/lib/node_modules/npm/npmrc
4 silly config load:file:/Users/shoheikaneko/Desktop/antigravity_かね将ポータル/.npmrc
5 silly config load:file:/Users/shoheikaneko/.npmrc
6 silly config load:file:/usr/local/etc/npmrc
7 verbose title npm exec create-vite@latest public_web --template react --no-interactive
8 verbose argv "exec" "--cache" "./npm-cache" "--yes" "--" "create-vite@latest" "public_web" "--template" "react" "--no-interactive"
9 verbose logfile logs-max:10 dir:/Users/shoheikaneko/Desktop/antigravity_かね将ポータル/npm-cache/_logs/2026-07-01T05_21_39_467Z-
10 verbose logfile /Users/shoheikaneko/Desktop/antigravity_かね将ポータル/npm-cache/_logs/2026-07-01T05_21_39_467Z-debug-0.log
11 silly logfile done cleaning log files
12 silly packumentCache heap:4496293888 maxSize:1124073472 maxEntrySize:562036736
13 http fetch GET 200 https://registry.npmjs.org/create-vite 166ms (cache revalidated)
14 silly packumentCache heap:4496293888 maxSize:1124073472 maxEntrySize:562036736
15 silly packumentCache heap:4496293888 maxSize:1124073472 maxEntrySize:562036736
16 verbose cwd /Users/shoheikaneko/Desktop/antigravity_かね将ポータル
17 verbose os Darwin 24.6.0
18 verbose node v24.14.0
19 verbose npm  v11.9.0
20 verbose exit 0
21 info ok
