0 verbose cli /usr/local/bin/node /usr/local/bin/npm
1 info using npm@11.9.0
2 info using node@v24.14.0
3 silly config load:file:/usr/local/lib/node_modules/npm/npmrc
4 silly config load:file:/Users/shoheikaneko/Desktop/antigravity_かね将ポータル/public_web/.npmrc
5 silly config load:file:/Users/shoheikaneko/.npmrc
6 silly config load:file:/usr/local/etc/npmrc
7 verbose title npm install firebase
8 verbose argv "--cache" "../npm-cache" "install" "firebase"
9 verbose logfile logs-max:10 dir:/Users/shoheikaneko/Desktop/antigravity_かね将ポータル/npm-cache/_logs/2026-07-01T05_22_28_485Z-
10 verbose logfile /Users/shoheikaneko/Desktop/antigravity_かね将ポータル/npm-cache/_logs/2026-07-01T05_22_28_485Z-debug-0.log
11 silly logfile done cleaning log files
12 silly packumentCache heap:4496293888 maxSize:1124073472 maxEntrySize:562036736
13 silly idealTree buildDeps
14 silly fetch manifest firebase@*
15 silly packumentCache full:https://registry.npmjs.org/firebase cache-miss
16 http fetch GET 200 https://registry.npmjs.org/firebase 1000ms (cache miss)
17 silly packumentCache full:https://registry.npmjs.org/firebase set size:undefined disposed:false
18 silly placeDep ROOT firebase@12.15.0 OK for: public_web@0.0.0 want: *
19 silly fetch manifest @firebase/ai@2.13.1
20 silly packumentCache full:https://registry.npmjs.org/@firebase%2fai cache-miss
21 silly fetch manifest @firebase/app@0.15.0
22 silly packumentCache full:https://registry.npmjs.org/@firebase%2fapp cache-miss
23 silly fetch manifest @firebase/auth@1.13.3
24 silly packumentCache full:https://registry.npmjs.org/@firebase%2fauth cache-miss
25 silly fetch manifest @firebase/util@1.15.1
26 silly packumentCache full:https://registry.npmjs.org/@firebase%2futil cache-miss
27 silly fetch manifest @firebase/storage@0.14.3
28 silly packumentCache full:https://registry.npmjs.org/@firebase%2fstorage cache-miss
29 silly fetch manifest @firebase/database@1.1.3
30 silly packumentCache full:https://registry.npmjs.org/@firebase%2fdatabase cache-miss
31 silly fetch manifest @firebase/analytics@0.10.22
32 silly packumentCache full:https://registry.npmjs.org/@firebase%2fanalytics cache-miss
33 http fetch GET 200 https://registry.npmjs.org/@firebase%2fapp 928ms (cache miss)
34 silly packumentCache full:https://registry.npmjs.org/@firebase%2fapp set size:undefined disposed:false
35 silly fetch manifest @firebase/app-check@0.12.0
36 silly packumentCache full:https://registry.npmjs.org/@firebase%2fapp-check cache-miss
37 http fetch GET 200 https://registry.npmjs.org/@firebase%2fai 1338ms (cache miss)
38 silly packumentCache full:https://registry.npmjs.org/@firebase%2fai set size:undefined disposed:false
39 silly fetch manifest @firebase/app-types@0.9.5
40 silly packumentCache full:https://registry.npmjs.org/@firebase%2fapp-types cache-miss
41 http fetch GET 200 https://registry.npmjs.org/@firebase%2futil 1715ms (cache updated)
42 silly packumentCache full:https://registry.npmjs.org/@firebase%2futil set size:undefined disposed:false
43 silly fetch manifest @firebase/firestore@4.16.0
44 silly packumentCache full:https://registry.npmjs.org/@firebase%2ffirestore cache-miss
45 http fetch GET 200 https://registry.npmjs.org/@firebase%2fapp-check 906ms (cache miss)
46 silly packumentCache full:https://registry.npmjs.org/@firebase%2fapp-check set size:undefined disposed:false
47 silly fetch manifest @firebase/functions@0.13.5
48 silly packumentCache full:https://registry.npmjs.org/@firebase%2ffunctions cache-miss
49 http fetch GET 200 https://registry.npmjs.org/@firebase%2fauth 2362ms (cache miss)
50 silly packumentCache full:https://registry.npmjs.org/@firebase%2fauth set size:undefined disposed:false
51 silly fetch manifest @firebase/messaging@0.13.0
52 silly packumentCache full:https://registry.npmjs.org/@firebase%2fmessaging cache-miss
53 http fetch GET 200 https://registry.npmjs.org/@firebase%2fanalytics 2795ms (cache miss)
54 silly packumentCache full:https://registry.npmjs.org/@firebase%2fanalytics set size:undefined disposed:false
55 silly fetch manifest @firebase/app-compat@0.5.14
56 silly packumentCache full:https://registry.npmjs.org/@firebase%2fapp-compat cache-miss
57 http fetch GET 200 https://registry.npmjs.org/@firebase%2fapp-types 1868ms (cache updated)
58 silly packumentCache full:https://registry.npmjs.org/@firebase%2fapp-types set size:undefined disposed:false
59 silly fetch manifest @firebase/auth-compat@0.6.8
60 silly packumentCache full:https://registry.npmjs.org/@firebase%2fauth-compat cache-miss
61 http fetch GET 200 https://registry.npmjs.org/@firebase%2fdatabase 3392ms (cache updated)
62 silly packumentCache full:https://registry.npmjs.org/@firebase%2fdatabase set size:undefined disposed:false
63 silly fetch manifest @firebase/performance@0.7.12
64 silly packumentCache full:https://registry.npmjs.org/@firebase%2fperformance cache-miss
65 http fetch GET 200 https://registry.npmjs.org/@firebase%2fstorage 3873ms (cache miss)
66 silly packumentCache full:https://registry.npmjs.org/@firebase%2fstorage set size:undefined disposed:false
67 silly fetch manifest @firebase/data-connect@0.7.1
68 silly packumentCache full:https://registry.npmjs.org/@firebase%2fdata-connect cache-miss
69 http fetch GET 200 https://registry.npmjs.org/@firebase%2fapp-compat 1257ms (cache miss)
70 silly packumentCache full:https://registry.npmjs.org/@firebase%2fapp-compat set size:undefined disposed:false
71 silly fetch manifest @firebase/installations@0.6.22
72 silly packumentCache full:https://registry.npmjs.org/@firebase%2finstallations cache-miss
73 http fetch GET 200 https://registry.npmjs.org/@firebase%2fauth-compat 959ms (cache miss)
74 silly packumentCache full:https://registry.npmjs.org/@firebase%2fauth-compat set size:undefined disposed:false
75 silly fetch manifest @firebase/remote-config@0.8.5
76 silly packumentCache full:https://registry.npmjs.org/@firebase%2fremote-config cache-miss
77 http fetch GET 200 https://registry.npmjs.org/@firebase%2ffunctions 2404ms (cache miss)
78 silly packumentCache full:https://registry.npmjs.org/@firebase%2ffunctions set size:undefined disposed:false
79 silly fetch manifest @firebase/storage-compat@0.4.3
80 silly packumentCache full:https://registry.npmjs.org/@firebase%2fstorage-compat cache-miss
81 http fetch GET 200 https://registry.npmjs.org/@firebase%2fmessaging 2280ms (cache miss)
82 silly packumentCache full:https://registry.npmjs.org/@firebase%2fmessaging set size:undefined disposed:false
83 silly fetch manifest @firebase/database-compat@2.1.4
84 silly packumentCache full:https://registry.npmjs.org/@firebase%2fdatabase-compat cache-miss
85 http fetch GET 200 https://registry.npmjs.org/@firebase%2fdata-connect 1118ms (cache miss)
86 silly packumentCache full:https://registry.npmjs.org/@firebase%2fdata-connect set size:undefined disposed:false
87 silly fetch manifest @firebase/analytics-compat@0.2.28
88 silly packumentCache full:https://registry.npmjs.org/@firebase%2fanalytics-compat cache-miss
89 http fetch GET 200 https://registry.npmjs.org/@firebase%2fperformance 1536ms (cache miss)
90 silly packumentCache full:https://registry.npmjs.org/@firebase%2fperformance set size:undefined disposed:false
91 silly fetch manifest @firebase/app-check-compat@0.4.5
92 silly packumentCache full:https://registry.npmjs.org/@firebase%2fapp-check-compat cache-miss
93 http fetch GET 200 https://registry.npmjs.org/@firebase%2fstorage-compat 824ms (cache miss)
94 silly packumentCache full:https://registry.npmjs.org/@firebase%2fstorage-compat set size:undefined disposed:false
95 silly fetch manifest @firebase/firestore-compat@0.4.11
96 silly packumentCache full:https://registry.npmjs.org/@firebase%2ffirestore-compat cache-miss
97 http fetch GET 200 https://registry.npmjs.org/@firebase%2ffirestore 3851ms (cache miss)
98 silly packumentCache full:https://registry.npmjs.org/@firebase%2ffirestore set size:undefined disposed:false
99 silly fetch manifest @firebase/functions-compat@0.4.5
100 silly packumentCache full:https://registry.npmjs.org/@firebase%2ffunctions-compat cache-miss
101 http fetch GET 200 https://registry.npmjs.org/@firebase%2fdatabase-compat 1078ms (cache updated)
102 silly packumentCache full:https://registry.npmjs.org/@firebase%2fdatabase-compat set size:undefined disposed:false
103 silly fetch manifest @firebase/messaging-compat@0.2.27
104 silly packumentCache full:https://registry.npmjs.org/@firebase%2fmessaging-compat cache-miss
105 http fetch GET 200 https://registry.npmjs.org/@firebase%2fanalytics-compat 1117ms (cache miss)
106 silly packumentCache full:https://registry.npmjs.org/@firebase%2fanalytics-compat set size:undefined disposed:false
107 silly fetch manifest @firebase/performance-compat@0.2.25
108 silly packumentCache full:https://registry.npmjs.org/@firebase%2fperformance-compat cache-miss
109 http fetch GET 200 https://registry.npmjs.org/@firebase%2fremote-config 1955ms (cache miss)
110 silly packumentCache full:https://registry.npmjs.org/@firebase%2fremote-config set size:undefined disposed:false
111 silly fetch manifest @firebase/installations-compat@0.2.22
112 silly packumentCache full:https://registry.npmjs.org/@firebase%2finstallations-compat cache-miss
113 http fetch GET 200 https://registry.npmjs.org/@firebase%2finstallations 2209ms (cache miss)
114 silly packumentCache full:https://registry.npmjs.org/@firebase%2finstallations set size:undefined disposed:false
115 silly fetch manifest @firebase/remote-config-compat@0.2.26
116 silly packumentCache full:https://registry.npmjs.org/@firebase%2fremote-config-compat cache-miss
117 http fetch GET 200 https://registry.npmjs.org/@firebase%2fapp-check-compat 1316ms (cache miss)
118 silly packumentCache full:https://registry.npmjs.org/@firebase%2fapp-check-compat set size:undefined disposed:false
119 http fetch GET 200 https://registry.npmjs.org/@firebase%2ffirestore-compat 1155ms (cache miss)
120 silly packumentCache full:https://registry.npmjs.org/@firebase%2ffirestore-compat set size:undefined disposed:false
121 http fetch GET 200 https://registry.npmjs.org/@firebase%2ffunctions-compat 872ms (cache miss)
122 silly packumentCache full:https://registry.npmjs.org/@firebase%2ffunctions-compat set size:undefined disposed:false
123 http fetch GET 200 https://registry.npmjs.org/@firebase%2fmessaging-compat 927ms (cache miss)
124 silly packumentCache full:https://registry.npmjs.org/@firebase%2fmessaging-compat set size:undefined disposed:false
125 http fetch GET 200 https://registry.npmjs.org/@firebase%2fperformance-compat 897ms (cache miss)
126 silly packumentCache full:https://registry.npmjs.org/@firebase%2fperformance-compat set size:undefined disposed:false
127 http fetch GET 200 https://registry.npmjs.org/@firebase%2finstallations-compat 832ms (cache miss)
128 silly packumentCache full:https://registry.npmjs.org/@firebase%2finstallations-compat set size:undefined disposed:false
129 http fetch GET 200 https://registry.npmjs.org/@firebase%2fremote-config-compat 759ms (cache miss)
130 silly packumentCache full:https://registry.npmjs.org/@firebase%2fremote-config-compat set size:undefined disposed:false
131 silly fetch manifest @react-native-async-storage/async-storage@^2.2.0 || ^3.0.0
132 silly packumentCache full:https://registry.npmjs.org/@react-native-async-storage%2fasync-storage cache-miss
133 http fetch GET 200 https://registry.npmjs.org/@react-native-async-storage%2fasync-storage 83ms (cache miss)
134 silly packumentCache full:https://registry.npmjs.org/@react-native-async-storage%2fasync-storage set size:undefined disposed:false
135 silly fetch manifest react@*
136 silly packumentCache full:https://registry.npmjs.org/react cache-miss
137 http cache https://registry.npmjs.org/react 36ms (cache hit)
138 silly packumentCache full:https://registry.npmjs.org/react set size:6751674 disposed:false
139 silly fetch manifest react-native@*
140 silly packumentCache full:https://registry.npmjs.org/react-native cache-miss
141 http fetch GET 200 https://registry.npmjs.org/react-native 508ms (cache miss)
142 silly packumentCache full:https://registry.npmjs.org/react-native set size:undefined disposed:false
143 silly fetch manifest @react-native/jest-preset@0.86.0
144 silly packumentCache full:https://registry.npmjs.org/@react-native%2fjest-preset cache-miss
145 http fetch GET 200 https://registry.npmjs.org/@react-native%2fjest-preset 179ms (cache miss)
146 silly packumentCache full:https://registry.npmjs.org/@react-native%2fjest-preset set size:undefined disposed:false
147 silly fetch manifest @types/react@^19.1.1
148 silly packumentCache full:https://registry.npmjs.org/@types%2freact cache-miss
149 http cache https://registry.npmjs.org/@types%2freact 16ms (cache hit)
150 silly packumentCache full:https://registry.npmjs.org/@types%2freact set size:2632776 disposed:false
151 silly placeDep ROOT @firebase/ai@2.13.1 OK for: firebase@12.15.0 want: 2.13.1
152 silly placeDep ROOT @firebase/app@0.15.0 OK for: @firebase/ai@2.13.1 want: 0.x
153 silly placeDep ROOT @firebase/app-types@0.9.5 OK for: @firebase/ai@2.13.1 want: 0.x
154 silly placeDep ROOT @firebase/analytics@0.10.22 OK for: firebase@12.15.0 want: 0.10.22
155 silly placeDep ROOT @firebase/analytics-compat@0.2.28 OK for: firebase@12.15.0 want: 0.2.28
156 silly placeDep ROOT @firebase/app-compat@0.5.14 OK for: @firebase/analytics-compat@0.2.28 want: 0.x
157 silly placeDep ROOT @firebase/app-check@0.12.0 OK for: firebase@12.15.0 want: 0.12.0
158 silly placeDep ROOT @firebase/app-check-compat@0.4.5 OK for: firebase@12.15.0 want: 0.4.5
159 silly placeDep ROOT @firebase/auth@1.13.3 OK for: firebase@12.15.0 want: 1.13.3
160 silly placeDep ROOT @firebase/auth-compat@0.6.8 OK for: firebase@12.15.0 want: 0.6.8
161 silly placeDep ROOT @firebase/data-connect@0.7.1 OK for: firebase@12.15.0 want: 0.7.1
162 silly placeDep ROOT @firebase/database@1.1.3 OK for: firebase@12.15.0 want: 1.1.3
163 silly placeDep ROOT @firebase/database-compat@2.1.4 OK for: firebase@12.15.0 want: 2.1.4
164 silly placeDep ROOT @firebase/firestore@4.16.0 OK for: firebase@12.15.0 want: 4.16.0
165 silly placeDep ROOT @firebase/firestore-compat@0.4.11 OK for: firebase@12.15.0 want: 0.4.11
166 silly placeDep ROOT @firebase/functions@0.13.5 OK for: firebase@12.15.0 want: 0.13.5
167 silly placeDep ROOT @firebase/functions-compat@0.4.5 OK for: firebase@12.15.0 want: 0.4.5
168 silly placeDep ROOT @firebase/installations@0.6.22 OK for: firebase@12.15.0 want: 0.6.22
169 silly placeDep ROOT @firebase/installations-compat@0.2.22 OK for: firebase@12.15.0 want: 0.2.22
170 silly placeDep ROOT @firebase/messaging@0.13.0 OK for: firebase@12.15.0 want: 0.13.0
171 silly placeDep ROOT @firebase/messaging-compat@0.2.27 OK for: firebase@12.15.0 want: 0.2.27
172 silly placeDep ROOT @firebase/performance@0.7.12 OK for: firebase@12.15.0 want: 0.7.12
173 silly placeDep ROOT @firebase/performance-compat@0.2.25 OK for: firebase@12.15.0 want: 0.2.25
174 silly placeDep ROOT @firebase/remote-config@0.8.5 OK for: firebase@12.15.0 want: 0.8.5
175 silly placeDep ROOT @firebase/remote-config-compat@0.2.26 OK for: firebase@12.15.0 want: 0.2.26
176 silly placeDep ROOT @firebase/storage@0.14.3 OK for: firebase@12.15.0 want: 0.14.3
177 silly placeDep ROOT @firebase/storage-compat@0.4.3 OK for: firebase@12.15.0 want: 0.4.3
178 silly placeDep ROOT @firebase/util@1.15.1 OK for: firebase@12.15.0 want: 1.15.1
179 silly fetch manifest @firebase/app-check-interop-types@0.3.4
180 silly packumentCache full:https://registry.npmjs.org/@firebase%2fapp-check-interop-types cache-miss
181 silly fetch manifest @firebase/component@0.7.3
182 silly packumentCache full:https://registry.npmjs.org/@firebase%2fcomponent cache-miss
183 silly fetch manifest @firebase/logger@0.5.1
184 silly packumentCache full:https://registry.npmjs.org/@firebase%2flogger cache-miss
185 silly fetch manifest @firebase/logger@0.5.1
186 silly packumentCache full:https://registry.npmjs.org/@firebase%2flogger cache-miss
187 silly fetch manifest @firebase/logger@0.5.1
188 silly packumentCache full:https://registry.npmjs.org/@firebase%2flogger cache-miss
189 silly fetch manifest @firebase/component@0.7.3
190 silly packumentCache full:https://registry.npmjs.org/@firebase%2fcomponent cache-miss
191 silly fetch manifest idb@7.1.1
192 silly packumentCache full:https://registry.npmjs.org/idb cache-miss
193 http fetch GET 200 https://registry.npmjs.org/idb 62ms (cache miss)
194 silly packumentCache full:https://registry.npmjs.org/idb set size:undefined disposed:false
195 silly fetch manifest @firebase/logger@0.5.1
196 silly packumentCache full:https://registry.npmjs.org/@firebase%2flogger cache-miss
197 http fetch GET 200 https://registry.npmjs.org/@firebase%2fapp-check-interop-types 616ms (cache updated)
198 silly packumentCache full:https://registry.npmjs.org/@firebase%2fapp-check-interop-types set size:undefined disposed:false
199 silly fetch manifest @firebase/component@0.7.3
200 silly packumentCache full:https://registry.npmjs.org/@firebase%2fcomponent cache-miss
201 http fetch GET 200 https://registry.npmjs.org/@firebase%2fcomponent 938ms (cache updated)
202 silly packumentCache full:https://registry.npmjs.org/@firebase%2fcomponent set size:undefined disposed:false
203 silly fetch manifest @firebase/analytics-types@0.8.4
204 silly packumentCache full:https://registry.npmjs.org/@firebase%2fanalytics-types cache-miss
205 http fetch GET 200 https://registry.npmjs.org/@firebase%2flogger 1135ms (cache updated)
206 silly packumentCache full:https://registry.npmjs.org/@firebase%2flogger set size:undefined disposed:false
207 silly fetch manifest @firebase/app-check-types@0.5.4
208 silly packumentCache full:https://registry.npmjs.org/@firebase%2fapp-check-types cache-miss
209 http fetch GET 200 https://registry.npmjs.org/@firebase%2flogger 1215ms (cache updated)
210 silly packumentCache full:https://registry.npmjs.org/@firebase%2flogger set size:undefined disposed:false
211 silly fetch manifest @firebase/auth-types@0.13.1
212 silly packumentCache full:https://registry.npmjs.org/@firebase%2fauth-types cache-miss
213 http fetch GET 200 https://registry.npmjs.org/@firebase%2fcomponent 1378ms (cache updated)
214 silly packumentCache full:https://registry.npmjs.org/@firebase%2fcomponent set size:undefined disposed:false
215 silly fetch manifest @firebase/auth-interop-types@0.2.5
216 silly packumentCache full:https://registry.npmjs.org/@firebase%2fauth-interop-types cache-miss
217 http fetch GET 200 https://registry.npmjs.org/@firebase%2flogger 1537ms (cache updated)
218 silly packumentCache full:https://registry.npmjs.org/@firebase%2flogger set size:undefined disposed:false
219 silly fetch manifest faye-websocket@0.11.4
220 silly packumentCache full:https://registry.npmjs.org/faye-websocket cache-miss
221 http fetch GET 200 https://registry.npmjs.org/faye-websocket 116ms (cache revalidated)
222 silly packumentCache full:https://registry.npmjs.org/faye-websocket set size:45682 disposed:false
223 silly fetch manifest @firebase/auth-interop-types@0.2.5
224 silly packumentCache full:https://registry.npmjs.org/@firebase%2fauth-interop-types cache-miss
225 http fetch GET 200 https://registry.npmjs.org/@firebase%2fapp-check-types 557ms (cache miss)
226 silly packumentCache full:https://registry.npmjs.org/@firebase%2fapp-check-types set size:undefined disposed:false
227 silly fetch manifest @firebase/database-types@1.0.20
228 silly packumentCache full:https://registry.npmjs.org/@firebase%2fdatabase-types cache-miss
229 http fetch GET 200 https://registry.npmjs.org/@firebase%2fcomponent 1166ms (cache updated)
230 silly packumentCache full:https://registry.npmjs.org/@firebase%2fcomponent set size:undefined disposed:false
231 silly fetch manifest @firebase/webchannel-wrapper@1.0.6
232 silly packumentCache full:https://registry.npmjs.org/@firebase%2fwebchannel-wrapper cache-miss
233 http fetch GET 200 https://registry.npmjs.org/@firebase%2flogger 1904ms (cache updated)
234 silly packumentCache full:https://registry.npmjs.org/@firebase%2flogger set size:undefined disposed:false
235 silly fetch manifest @grpc/grpc-js@~1.9.0
236 silly packumentCache full:https://registry.npmjs.org/@grpc%2fgrpc-js cache-miss
237 http fetch GET 200 https://registry.npmjs.org/@firebase%2fanalytics-types 1024ms (cache miss)
238 silly packumentCache full:https://registry.npmjs.org/@firebase%2fanalytics-types set size:undefined disposed:false
239 silly fetch manifest @grpc/proto-loader@^0.7.8
240 silly packumentCache full:https://registry.npmjs.org/@grpc%2fproto-loader cache-miss
241 http fetch GET 200 https://registry.npmjs.org/@grpc%2fgrpc-js 112ms (cache revalidated)
242 silly packumentCache full:https://registry.npmjs.org/@grpc%2fgrpc-js set size:674221 disposed:false
243 silly fetch manifest re2js@^0.4.2
244 silly packumentCache full:https://registry.npmjs.org/re2js cache-miss
245 http fetch GET 200 https://registry.npmjs.org/@grpc%2fproto-loader 113ms (cache revalidated)
246 silly packumentCache full:https://registry.npmjs.org/@grpc%2fproto-loader set size:218355 disposed:false
247 silly fetch manifest @firebase/firestore-types@3.0.4
248 silly packumentCache full:https://registry.npmjs.org/@firebase%2ffirestore-types cache-miss
249 http fetch GET 200 https://registry.npmjs.org/re2js 97ms (cache miss)
250 silly packumentCache full:https://registry.npmjs.org/re2js set size:undefined disposed:false
251 silly fetch manifest @firebase/auth-interop-types@0.2.5
252 silly packumentCache full:https://registry.npmjs.org/@firebase%2fauth-interop-types cache-miss
253 http fetch GET 200 https://registry.npmjs.org/@firebase%2fauth-interop-types 816ms (cache updated)
254 silly packumentCache full:https://registry.npmjs.org/@firebase%2fauth-interop-types set size:undefined disposed:false
255 silly fetch manifest @firebase/messaging-interop-types@0.2.5
256 silly packumentCache full:https://registry.npmjs.org/@firebase%2fmessaging-interop-types cache-miss
257 http fetch GET 200 https://registry.npmjs.org/@firebase%2fauth-types 1060ms (cache miss)
258 silly packumentCache full:https://registry.npmjs.org/@firebase%2fauth-types set size:undefined disposed:false
259 silly fetch manifest @firebase/functions-types@0.6.4
260 silly packumentCache full:https://registry.npmjs.org/@firebase%2ffunctions-types cache-miss
261 http fetch GET 200 https://registry.npmjs.org/@firebase%2fdatabase-types 988ms (cache updated)
262 silly packumentCache full:https://registry.npmjs.org/@firebase%2fdatabase-types set size:undefined disposed:false
263 silly fetch manifest @firebase/installations-types@0.5.4
264 silly packumentCache full:https://registry.npmjs.org/@firebase%2finstallations-types cache-miss
265 http fetch GET 200 https://registry.npmjs.org/@firebase%2fmessaging-interop-types 550ms (cache miss)
266 silly packumentCache full:https://registry.npmjs.org/@firebase%2fmessaging-interop-types set size:undefined disposed:false
267 silly fetch manifest web-vitals@^4.2.4
268 silly packumentCache full:https://registry.npmjs.org/web-vitals cache-miss
269 http fetch GET 200 https://registry.npmjs.org/@firebase%2fauth-interop-types 1190ms (cache updated)
270 silly packumentCache full:https://registry.npmjs.org/@firebase%2fauth-interop-types set size:undefined disposed:false
271 silly fetch manifest @firebase/performance-types@0.2.4
272 silly packumentCache full:https://registry.npmjs.org/@firebase%2fperformance-types cache-miss
273 http fetch GET 200 https://registry.npmjs.org/@firebase%2fauth-interop-types 851ms (cache updated)
274 silly packumentCache full:https://registry.npmjs.org/@firebase%2fauth-interop-types set size:undefined disposed:false
275 silly fetch manifest @firebase/remote-config-types@0.5.1
276 silly packumentCache full:https://registry.npmjs.org/@firebase%2fremote-config-types cache-miss
277 http fetch GET 200 https://registry.npmjs.org/@firebase%2fwebchannel-wrapper 1225ms (cache miss)
278 silly packumentCache full:https://registry.npmjs.org/@firebase%2fwebchannel-wrapper set size:undefined disposed:false
279 silly fetch manifest @firebase/storage-types@0.8.4
280 silly packumentCache full:https://registry.npmjs.org/@firebase%2fstorage-types cache-miss
281 http fetch GET 200 https://registry.npmjs.org/web-vitals 340ms (cache miss)
282 silly packumentCache full:https://registry.npmjs.org/web-vitals set size:undefined disposed:false
283 http fetch GET 200 https://registry.npmjs.org/@firebase%2finstallations-types 525ms (cache miss)
284 silly packumentCache full:https://registry.npmjs.org/@firebase%2finstallations-types set size:undefined disposed:false
285 http fetch GET 200 https://registry.npmjs.org/@firebase%2ffirestore-types 1399ms (cache miss)
286 silly packumentCache full:https://registry.npmjs.org/@firebase%2ffirestore-types set size:undefined disposed:false
287 http fetch GET 200 https://registry.npmjs.org/@firebase%2fremote-config-types 550ms (cache miss)
288 silly packumentCache full:https://registry.npmjs.org/@firebase%2fremote-config-types set size:undefined disposed:false
289 http fetch GET 200 https://registry.npmjs.org/@firebase%2ffunctions-types 1227ms (cache miss)
290 silly packumentCache full:https://registry.npmjs.org/@firebase%2ffunctions-types set size:undefined disposed:false
291 http fetch GET 200 https://registry.npmjs.org/@firebase%2fperformance-types 912ms (cache miss)
292 silly packumentCache full:https://registry.npmjs.org/@firebase%2fperformance-types set size:undefined disposed:false
293 http fetch GET 200 https://registry.npmjs.org/@firebase%2fstorage-types 1344ms (cache miss)
294 silly packumentCache full:https://registry.npmjs.org/@firebase%2fstorage-types set size:undefined disposed:false
295 silly placeDep ROOT @firebase/app-check-interop-types@0.3.4 OK for: @firebase/ai@2.13.1 want: 0.3.4
296 silly placeDep ROOT @firebase/component@0.7.3 OK for: @firebase/ai@2.13.1 want: 0.7.3
297 silly placeDep ROOT @firebase/logger@0.5.1 OK for: @firebase/ai@2.13.1 want: 0.5.1
298 silly placeDep ROOT @firebase/analytics-types@0.8.4 OK for: @firebase/analytics-compat@0.2.28 want: 0.8.4
299 silly placeDep ROOT idb@7.1.1 OK for: @firebase/app@0.15.0 want: 7.1.1
300 silly placeDep ROOT @firebase/app-check-types@0.5.4 OK for: @firebase/app-check-compat@0.4.5 want: 0.5.4
301 silly fetch manifest @firebase/app-types@0.x
302 silly packumentCache full:https://registry.npmjs.org/@firebase%2fapp-types cache-miss
303 http cache https://registry.npmjs.org/@firebase%2fapp-types 35ms (cache hit)
304 silly packumentCache full:https://registry.npmjs.org/@firebase%2fapp-types set size:8589149 disposed:false
305 silly placeDep ROOT @firebase/auth-types@0.13.1 OK for: @firebase/auth-compat@0.6.8 want: 0.13.1
306 silly placeDep ROOT @firebase/auth-interop-types@0.2.5 OK for: @firebase/data-connect@0.7.1 want: 0.2.5
307 silly placeDep ROOT faye-websocket@0.11.4 OK for: @firebase/database@1.1.3 want: 0.11.4
308 silly fetch manifest websocket-driver@>=0.5.1
309 silly packumentCache full:https://registry.npmjs.org/websocket-driver cache-miss
310 http fetch GET 200 https://registry.npmjs.org/websocket-driver 161ms (cache updated)
311 silly packumentCache full:https://registry.npmjs.org/websocket-driver set size:undefined disposed:false
312 silly placeDep ROOT @firebase/database-types@1.0.20 OK for: @firebase/database-compat@2.1.4 want: 1.0.20
313 silly placeDep ROOT @firebase/webchannel-wrapper@1.0.6 OK for: @firebase/firestore@4.16.0 want: 1.0.6
314 silly placeDep ROOT @grpc/grpc-js@1.9.16 OK for: @firebase/firestore@4.16.0 want: ~1.9.0
315 silly placeDep ROOT @grpc/proto-loader@0.7.15 OK for: @firebase/firestore@4.16.0 want: ^0.7.8
316 silly placeDep ROOT re2js@0.4.3 OK for: @firebase/firestore@4.16.0 want: ^0.4.2
317 silly fetch manifest @types/node@>=12.12.47
318 silly packumentCache full:https://registry.npmjs.org/@types%2fnode cache-miss
319 silly fetch manifest long@^5.0.0
320 silly packumentCache full:https://registry.npmjs.org/long cache-miss
321 silly fetch manifest yargs@^17.7.2
322 silly packumentCache full:https://registry.npmjs.org/yargs cache-miss
323 silly fetch manifest protobufjs@^7.2.5
324 silly packumentCache full:https://registry.npmjs.org/protobufjs cache-miss
325 silly fetch manifest lodash.camelcase@^4.3.0
326 silly packumentCache full:https://registry.npmjs.org/lodash.camelcase cache-miss
327 http cache https://registry.npmjs.org/@types%2fnode 42ms (cache hit)
328 silly packumentCache full:https://registry.npmjs.org/@types%2fnode set size:11062724 disposed:false
329 http fetch GET 200 https://registry.npmjs.org/long 183ms (cache revalidated)
330 silly packumentCache full:https://registry.npmjs.org/long set size:80704 disposed:false
331 http fetch GET 200 https://registry.npmjs.org/lodash.camelcase 186ms (cache revalidated)
332 silly packumentCache full:https://registry.npmjs.org/lodash.camelcase set size:16993 disposed:false
333 http fetch GET 200 https://registry.npmjs.org/protobufjs 200ms (cache updated)
334 silly packumentCache full:https://registry.npmjs.org/protobufjs set size:undefined disposed:false
335 http fetch GET 200 https://registry.npmjs.org/yargs 214ms (cache updated)
336 silly packumentCache full:https://registry.npmjs.org/yargs set size:undefined disposed:false
337 silly placeDep ROOT @firebase/firestore-types@3.0.4 OK for: @firebase/firestore-compat@0.4.11 want: 3.0.4
338 silly placeDep ROOT @firebase/messaging-interop-types@0.2.5 OK for: @firebase/functions@0.13.5 want: 0.2.5
339 silly placeDep ROOT @firebase/functions-types@0.6.4 OK for: @firebase/functions-compat@0.4.5 want: 0.6.4
340 silly placeDep ROOT @firebase/installations-types@0.5.4 OK for: @firebase/installations-compat@0.2.22 want: 0.5.4
341 silly placeDep ROOT web-vitals@4.2.4 OK for: @firebase/performance@0.7.12 want: ^4.2.4
342 silly placeDep ROOT @firebase/performance-types@0.2.4 OK for: @firebase/performance-compat@0.2.25 want: 0.2.4
343 silly placeDep ROOT @firebase/remote-config-types@0.5.1 OK for: @firebase/remote-config-compat@0.2.26 want: 0.5.1
344 silly placeDep ROOT @firebase/storage-types@0.8.4 OK for: @firebase/storage-compat@0.4.3 want: 0.8.4
345 silly placeDep ROOT @types/node@26.0.1 OK for: @grpc/grpc-js@1.9.16 want: >=12.12.47
346 silly fetch manifest undici-types@~8.3.0
347 silly packumentCache full:https://registry.npmjs.org/undici-types cache-miss
348 http fetch GET 200 https://registry.npmjs.org/undici-types 76ms (cache updated)
349 silly packumentCache full:https://registry.npmjs.org/undici-types set size:undefined disposed:false
350 silly placeDep ROOT lodash.camelcase@4.3.0 OK for: @grpc/proto-loader@0.7.15 want: ^4.3.0
351 silly placeDep ROOT long@5.3.2 OK for: @grpc/proto-loader@0.7.15 want: ^5.0.0
352 silly placeDep ROOT protobufjs@7.6.4 OK for: @grpc/proto-loader@0.7.15 want: ^7.2.5
353 silly placeDep ROOT yargs@17.7.3 OK for: @grpc/proto-loader@0.7.15 want: ^17.7.2
354 silly fetch manifest @protobufjs/path@^1.1.2
355 silly packumentCache full:https://registry.npmjs.org/@protobufjs%2fpath cache-miss
356 silly fetch manifest @protobufjs/pool@^1.1.0
357 silly packumentCache full:https://registry.npmjs.org/@protobufjs%2fpool cache-miss
358 silly fetch manifest @protobufjs/utf8@^1.1.1
359 silly packumentCache full:https://registry.npmjs.org/@protobufjs%2futf8 cache-miss
360 silly fetch manifest @protobufjs/fetch@^1.1.1
361 silly packumentCache full:https://registry.npmjs.org/@protobufjs%2ffetch cache-miss
362 silly fetch manifest @protobufjs/float@^1.0.2
363 silly packumentCache full:https://registry.npmjs.org/@protobufjs%2ffloat cache-miss
364 silly fetch manifest @protobufjs/base64@^1.1.2
365 silly packumentCache full:https://registry.npmjs.org/@protobufjs%2fbase64 cache-miss
366 silly fetch manifest @protobufjs/codegen@^2.0.5
367 silly packumentCache full:https://registry.npmjs.org/@protobufjs%2fcodegen cache-miss
368 http fetch GET 200 https://registry.npmjs.org/@protobufjs%2fpool 61ms (cache revalidated)
369 silly packumentCache full:https://registry.npmjs.org/@protobufjs%2fpool set size:10727 disposed:false
370 silly fetch manifest @protobufjs/aspromise@^1.1.2
371 silly packumentCache full:https://registry.npmjs.org/@protobufjs%2faspromise cache-miss
372 http fetch GET 200 https://registry.npmjs.org/@protobufjs%2fpath 67ms (cache revalidated)
373 silly packumentCache full:https://registry.npmjs.org/@protobufjs%2fpath set size:10241 disposed:false
374 silly fetch manifest @protobufjs/eventemitter@^1.1.1
375 silly packumentCache full:https://registry.npmjs.org/@protobufjs%2feventemitter cache-miss
376 http fetch GET 200 https://registry.npmjs.org/@protobufjs%2fcodegen 66ms (cache revalidated)
377 silly packumentCache full:https://registry.npmjs.org/@protobufjs%2fcodegen set size:23820 disposed:false
378 silly fetch manifest cliui@^8.0.1
379 silly packumentCache full:https://registry.npmjs.org/cliui cache-miss
380 http fetch GET 200 https://registry.npmjs.org/@protobufjs%2futf8 74ms (cache revalidated)
381 silly packumentCache full:https://registry.npmjs.org/@protobufjs%2futf8 set size:15634 disposed:false
382 silly fetch manifest escalade@^3.1.1
383 silly packumentCache full:https://registry.npmjs.org/escalade cache-miss
384 http fetch GET 200 https://registry.npmjs.org/@protobufjs%2fbase64 75ms (cache revalidated)
385 silly packumentCache full:https://registry.npmjs.org/@protobufjs%2fbase64 set size:14176 disposed:false
386 silly fetch manifest get-caller-file@^2.0.5
387 silly packumentCache full:https://registry.npmjs.org/get-caller-file cache-miss
388 http fetch GET 200 https://registry.npmjs.org/@protobufjs%2ffetch 82ms (cache revalidated)
389 silly packumentCache full:https://registry.npmjs.org/@protobufjs%2ffetch set size:12023 disposed:false
390 silly fetch manifest require-directory@^2.1.1
391 silly packumentCache full:https://registry.npmjs.org/require-directory cache-miss
392 http fetch GET 200 https://registry.npmjs.org/@protobufjs%2ffloat 84ms (cache revalidated)
393 silly packumentCache full:https://registry.npmjs.org/@protobufjs%2ffloat set size:9957 disposed:false
394 silly fetch manifest string-width@^4.2.3
395 silly packumentCache full:https://registry.npmjs.org/string-width cache-miss
396 http fetch GET 200 https://registry.npmjs.org/cliui 49ms (cache revalidated)
397 silly packumentCache full:https://registry.npmjs.org/cliui set size:69089 disposed:false
398 silly fetch manifest y18n@^5.0.5
399 silly packumentCache full:https://registry.npmjs.org/y18n cache-miss
400 http fetch GET 200 https://registry.npmjs.org/escalade 50ms (cache revalidated)
401 silly packumentCache full:https://registry.npmjs.org/escalade set size:33724 disposed:false
402 silly fetch manifest yargs-parser@^21.1.1
403 silly packumentCache full:https://registry.npmjs.org/yargs-parser cache-miss
404 http fetch GET 200 https://registry.npmjs.org/@protobufjs%2faspromise 65ms (cache revalidated)
405 silly packumentCache full:https://registry.npmjs.org/@protobufjs%2faspromise set size:11438 disposed:false
406 http fetch GET 200 https://registry.npmjs.org/get-caller-file 53ms (cache revalidated)
407 silly packumentCache full:https://registry.npmjs.org/get-caller-file set size:26456 disposed:false
408 http fetch GET 200 https://registry.npmjs.org/@protobufjs%2feventemitter 66ms (cache revalidated)
409 silly packumentCache full:https://registry.npmjs.org/@protobufjs%2feventemitter set size:13173 disposed:false
410 http fetch GET 200 https://registry.npmjs.org/string-width 49ms (cache revalidated)
411 silly packumentCache full:https://registry.npmjs.org/string-width set size:70381 disposed:false
412 http fetch GET 200 https://registry.npmjs.org/require-directory 54ms (cache revalidated)
413 silly packumentCache full:https://registry.npmjs.org/require-directory set size:26866 disposed:false
414 http fetch GET 200 https://registry.npmjs.org/y18n 50ms (cache revalidated)
415 silly packumentCache full:https://registry.npmjs.org/y18n set size:76155 disposed:false
416 http fetch GET 200 https://registry.npmjs.org/yargs-parser 60ms (cache revalidated)
417 silly packumentCache full:https://registry.npmjs.org/yargs-parser set size:238630 disposed:false
418 silly placeDep ROOT undici-types@8.3.0 OK for: @types/node@26.0.1 want: ~8.3.0
419 silly placeDep ROOT websocket-driver@0.7.5 OK for: faye-websocket@0.11.4 want: >=0.5.1
420 silly fetch manifest http-parser-js@>=0.5.1
421 silly packumentCache full:https://registry.npmjs.org/http-parser-js cache-miss
422 silly fetch manifest safe-buffer@>=5.1.0
423 silly packumentCache full:https://registry.npmjs.org/safe-buffer cache-miss
424 silly fetch manifest websocket-extensions@>=0.1.1
425 silly packumentCache full:https://registry.npmjs.org/websocket-extensions cache-miss
426 http fetch GET 200 https://registry.npmjs.org/safe-buffer 58ms (cache revalidated)
427 silly packumentCache full:https://registry.npmjs.org/safe-buffer set size:41183 disposed:false
428 http fetch GET 200 https://registry.npmjs.org/http-parser-js 61ms (cache revalidated)
429 silly packumentCache full:https://registry.npmjs.org/http-parser-js set size:68161 disposed:false
430 http fetch GET 200 https://registry.npmjs.org/websocket-extensions 63ms (cache revalidated)
431 silly packumentCache full:https://registry.npmjs.org/websocket-extensions set size:22792 disposed:false
432 silly placeDep ROOT @protobufjs/aspromise@1.1.2 OK for: protobufjs@7.6.4 want: ^1.1.2
433 silly placeDep ROOT @protobufjs/base64@1.1.2 OK for: protobufjs@7.6.4 want: ^1.1.2
434 silly placeDep ROOT @protobufjs/codegen@2.0.5 OK for: protobufjs@7.6.4 want: ^2.0.5
435 silly placeDep ROOT @protobufjs/eventemitter@1.1.1 OK for: protobufjs@7.6.4 want: ^1.1.1
436 silly placeDep ROOT @protobufjs/fetch@1.1.1 OK for: protobufjs@7.6.4 want: ^1.1.1
437 silly placeDep ROOT @protobufjs/float@1.0.2 OK for: protobufjs@7.6.4 want: ^1.0.2
438 silly placeDep ROOT @protobufjs/path@1.1.2 OK for: protobufjs@7.6.4 want: ^1.1.2
439 silly placeDep ROOT @protobufjs/pool@1.1.0 OK for: protobufjs@7.6.4 want: ^1.1.0
440 silly placeDep ROOT @protobufjs/utf8@1.1.1 OK for: protobufjs@7.6.4 want: ^1.1.1
441 silly placeDep ROOT http-parser-js@0.5.10 OK for: websocket-driver@0.7.5 want: >=0.5.1
442 silly placeDep ROOT safe-buffer@5.2.1 OK for: websocket-driver@0.7.5 want: >=5.1.0
443 silly placeDep ROOT websocket-extensions@0.1.4 OK for: websocket-driver@0.7.5 want: >=0.1.1
444 silly placeDep ROOT cliui@8.0.1 OK for: yargs@17.7.3 want: ^8.0.1
445 silly placeDep ROOT escalade@3.2.0 OK for: yargs@17.7.3 want: ^3.1.1
446 silly placeDep ROOT get-caller-file@2.0.5 OK for: yargs@17.7.3 want: ^2.0.5
447 silly placeDep ROOT require-directory@2.1.1 OK for: yargs@17.7.3 want: ^2.1.1
448 silly placeDep ROOT string-width@4.2.3 OK for: yargs@17.7.3 want: ^4.2.3
449 silly placeDep ROOT y18n@5.0.8 OK for: yargs@17.7.3 want: ^5.0.5
450 silly placeDep ROOT yargs-parser@21.1.1 OK for: yargs@17.7.3 want: ^21.1.1
451 silly fetch manifest wrap-ansi@^7.0.0
452 silly packumentCache full:https://registry.npmjs.org/wrap-ansi cache-miss
453 silly fetch manifest strip-ansi@^6.0.1
454 silly packumentCache full:https://registry.npmjs.org/strip-ansi cache-miss
455 silly fetch manifest string-width@^4.2.0
456 silly packumentCache full:https://registry.npmjs.org/string-width cache-hit
457 silly fetch manifest strip-ansi@^6.0.1
458 silly packumentCache full:https://registry.npmjs.org/strip-ansi cache-miss
459 silly fetch manifest emoji-regex@^8.0.0
460 silly packumentCache full:https://registry.npmjs.org/emoji-regex cache-miss
461 silly fetch manifest is-fullwidth-code-point@^3.0.0
462 silly packumentCache full:https://registry.npmjs.org/is-fullwidth-code-point cache-miss
463 http fetch GET 200 https://registry.npmjs.org/is-fullwidth-code-point 64ms (cache revalidated)
464 silly packumentCache full:https://registry.npmjs.org/is-fullwidth-code-point set size:14578 disposed:false
465 http fetch GET 200 https://registry.npmjs.org/strip-ansi 69ms (cache revalidated)
466 silly packumentCache full:https://registry.npmjs.org/strip-ansi set size:44998 disposed:false
467 http fetch GET 200 https://registry.npmjs.org/emoji-regex 71ms (cache revalidated)
468 silly packumentCache full:https://registry.npmjs.org/emoji-regex set size:89064 disposed:false
469 http fetch GET 200 https://registry.npmjs.org/strip-ansi 77ms (cache revalidated)
470 silly packumentCache full:https://registry.npmjs.org/strip-ansi set size:44998 disposed:false
471 silly packumentCache full:https://registry.npmjs.org/strip-ansi dispose
472 http fetch GET 200 https://registry.npmjs.org/wrap-ansi 80ms (cache revalidated)
473 silly packumentCache full:https://registry.npmjs.org/wrap-ansi set size:55299 disposed:false
474 silly placeDep ROOT strip-ansi@6.0.1 OK for: cliui@8.0.1 want: ^6.0.1
475 silly placeDep ROOT wrap-ansi@7.0.0 OK for: cliui@8.0.1 want: ^7.0.0
476 silly fetch manifest ansi-regex@^5.0.1
477 silly packumentCache full:https://registry.npmjs.org/ansi-regex cache-miss
478 silly fetch manifest ansi-styles@^4.0.0
479 silly packumentCache full:https://registry.npmjs.org/ansi-styles cache-miss
480 http fetch GET 200 https://registry.npmjs.org/ansi-regex 65ms (cache revalidated)
481 silly packumentCache full:https://registry.npmjs.org/ansi-regex set size:43572 disposed:false
482 http fetch GET 200 https://registry.npmjs.org/ansi-styles 310ms (cache revalidated)
483 silly packumentCache full:https://registry.npmjs.org/ansi-styles set size:63233 disposed:false
484 silly placeDep ROOT emoji-regex@8.0.0 OK for: string-width@4.2.3 want: ^8.0.0
485 silly placeDep ROOT is-fullwidth-code-point@3.0.0 OK for: string-width@4.2.3 want: ^3.0.0
486 silly placeDep ROOT ansi-regex@5.0.1 OK for: strip-ansi@6.0.1 want: ^5.0.1
487 silly placeDep ROOT ansi-styles@4.3.0 OK for: wrap-ansi@7.0.0 want: ^4.0.0
488 silly fetch manifest color-convert@^2.0.1
489 silly packumentCache full:https://registry.npmjs.org/color-convert cache-miss
490 http fetch GET 200 https://registry.npmjs.org/color-convert 63ms (cache revalidated)
491 silly packumentCache full:https://registry.npmjs.org/color-convert set size:72663 disposed:false
492 silly placeDep ROOT color-convert@2.0.1 OK for: ansi-styles@4.3.0 want: ^2.0.1
493 silly fetch manifest color-name@~1.1.4
494 silly packumentCache full:https://registry.npmjs.org/color-name cache-miss
495 http fetch GET 200 https://registry.npmjs.org/color-name 63ms (cache revalidated)
496 silly packumentCache full:https://registry.npmjs.org/color-name set size:19467 disposed:false
497 silly placeDep ROOT color-name@1.1.4 OK for: color-convert@2.0.1 want: ~1.1.4
498 silly reify moves {}
499 silly audit bulk request {
499 silly audit   '@emnapi/core': [ '1.11.1' ],
499 silly audit   '@emnapi/runtime': [ '1.11.1' ],
499 silly audit   '@emnapi/wasi-threads': [ '1.2.2' ],
499 silly audit   '@napi-rs/wasm-runtime': [ '1.1.6' ],
499 silly audit   '@oxc-project/types': [ '0.137.0' ],
499 silly audit   '@oxlint/binding-android-arm-eabi': [ '1.72.0' ],
499 silly audit   '@oxlint/binding-android-arm64': [ '1.72.0' ],
499 silly audit   '@oxlint/binding-darwin-arm64': [ '1.72.0' ],
499 silly audit   '@oxlint/binding-darwin-x64': [ '1.72.0' ],
499 silly audit   '@oxlint/binding-freebsd-x64': [ '1.72.0' ],
499 silly audit   '@oxlint/binding-linux-arm-gnueabihf': [ '1.72.0' ],
499 silly audit   '@oxlint/binding-linux-arm-musleabihf': [ '1.72.0' ],
499 silly audit   '@oxlint/binding-linux-arm64-gnu': [ '1.72.0' ],
499 silly audit   '@oxlint/binding-linux-arm64-musl': [ '1.72.0' ],
499 silly audit   '@oxlint/binding-linux-ppc64-gnu': [ '1.72.0' ],
499 silly audit   '@oxlint/binding-linux-riscv64-gnu': [ '1.72.0' ],
499 silly audit   '@oxlint/binding-linux-riscv64-musl': [ '1.72.0' ],
499 silly audit   '@oxlint/binding-linux-s390x-gnu': [ '1.72.0' ],
499 silly audit   '@oxlint/binding-linux-x64-gnu': [ '1.72.0' ],
499 silly audit   '@oxlint/binding-linux-x64-musl': [ '1.72.0' ],
499 silly audit   '@oxlint/binding-openharmony-arm64': [ '1.72.0' ],
499 silly audit   '@oxlint/binding-win32-arm64-msvc': [ '1.72.0' ],
499 silly audit   '@oxlint/binding-win32-ia32-msvc': [ '1.72.0' ],
499 silly audit   '@oxlint/binding-win32-x64-msvc': [ '1.72.0' ],
499 silly audit   '@rolldown/binding-android-arm64': [ '1.1.3' ],
499 silly audit   '@rolldown/binding-darwin-arm64': [ '1.1.3' ],
499 silly audit   '@rolldown/binding-darwin-x64': [ '1.1.3' ],
499 silly audit   '@rolldown/binding-freebsd-x64': [ '1.1.3' ],
499 silly audit   '@rolldown/binding-linux-arm-gnueabihf': [ '1.1.3' ],
499 silly audit   '@rolldown/binding-linux-arm64-gnu': [ '1.1.3' ],
499 silly audit   '@rolldown/binding-linux-arm64-musl': [ '1.1.3' ],
499 silly audit   '@rolldown/binding-linux-ppc64-gnu': [ '1.1.3' ],
499 silly audit   '@rolldown/binding-linux-s390x-gnu': [ '1.1.3' ],
499 silly audit   '@rolldown/binding-linux-x64-gnu': [ '1.1.3' ],
499 silly audit   '@rolldown/binding-linux-x64-musl': [ '1.1.3' ],
499 silly audit   '@rolldown/binding-openharmony-arm64': [ '1.1.3' ],
499 silly audit   '@rolldown/binding-wasm32-wasi': [ '1.1.3' ],
499 silly audit   '@rolldown/binding-win32-arm64-msvc': [ '1.1.3' ],
499 silly audit   '@rolldown/binding-win32-x64-msvc': [ '1.1.3' ],
499 silly audit   '@rolldown/pluginutils': [ '1.0.1' ],
499 silly audit   '@tybys/wasm-util': [ '0.10.3' ],
499 silly audit   '@types/react': [ '19.2.17' ],
499 silly audit   '@types/react-dom': [ '19.2.3' ],
499 silly audit   '@vitejs/plugin-react': [ '6.0.3' ],
499 silly audit   csstype: [ '3.2.3' ],
499 silly audit   'detect-libc': [ '2.1.2' ],
499 silly audit   fdir: [ '6.5.0' ],
499 silly audit   fsevents: [ '2.3.3' ],
499 silly audit   lightningcss: [ '1.32.0' ],
499 silly audit   'lightningcss-android-arm64': [ '1.32.0' ],
499 silly audit   'lightningcss-darwin-arm64': [ '1.32.0' ],
499 silly audit   'lightningcss-darwin-x64': [ '1.32.0' ],
499 silly audit   'lightningcss-freebsd-x64': [ '1.32.0' ],
499 silly audit   'lightningcss-linux-arm-gnueabihf': [ '1.32.0' ],
499 silly audit   'lightningcss-linux-arm64-gnu': [ '1.32.0' ],
499 silly audit   'lightningcss-linux-arm64-musl': [ '1.32.0' ],
499 silly audit   'lightningcss-linux-x64-gnu': [ '1.32.0' ],
499 silly audit   'lightningcss-linux-x64-musl': [ '1.32.0' ],
499 silly audit   'lightningcss-win32-arm64-msvc': [ '1.32.0' ],
499 silly audit   'lightningcss-win32-x64-msvc': [ '1.32.0' ],
499 silly audit   nanoid: [ '3.3.15' ],
499 silly audit   oxlint: [ '1.72.0' ],
499 silly audit   picocolors: [ '1.1.1' ],
499 silly audit   picomatch: [ '4.0.4' ],
499 silly audit   postcss: [ '8.5.16' ],
499 silly audit   react: [ '19.2.7' ],
499 silly audit   'react-dom': [ '19.2.7' ],
499 silly audit   rolldown: [ '1.1.3' ],
499 silly audit   scheduler: [ '0.27.0' ],
499 silly audit   'source-map-js': [ '1.2.1' ],
499 silly audit   tinyglobby: [ '0.2.17' ],
499 silly audit   tslib: [ '2.8.1' ],
499 silly audit   vite: [ '8.1.2' ],
499 silly audit   firebase: [ '12.15.0' ],
499 silly audit   '@firebase/ai': [ '2.13.1' ],
499 silly audit   '@firebase/app': [ '0.15.0' ],
499 silly audit   '@firebase/app-types': [ '0.9.5' ],
499 silly audit   '@firebase/analytics': [ '0.10.22' ],
499 silly audit   '@firebase/analytics-compat': [ '0.2.28' ],
499 silly audit   '@firebase/app-compat': [ '0.5.14' ],
499 silly audit   '@firebase/app-check': [ '0.12.0' ],
499 silly audit   '@firebase/app-check-compat': [ '0.4.5' ],
499 silly audit   '@firebase/auth': [ '1.13.3' ],
499 silly audit   '@firebase/auth-compat': [ '0.6.8' ],
499 silly audit   '@firebase/data-connect': [ '0.7.1' ],
499 silly audit   '@firebase/database': [ '1.1.3' ],
499 silly audit   '@firebase/database-compat': [ '2.1.4' ],
499 silly audit   '@firebase/firestore': [ '4.16.0' ],
499 silly audit   '@firebase/firestore-compat': [ '0.4.11' ],
499 silly audit   '@firebase/functions': [ '0.13.5' ],
499 silly audit   '@firebase/functions-compat': [ '0.4.5' ],
499 silly audit   '@firebase/installations': [ '0.6.22' ],
499 silly audit   '@firebase/installations-compat': [ '0.2.22' ],
499 silly audit   '@firebase/messaging': [ '0.13.0' ],
499 silly audit   '@firebase/messaging-compat': [ '0.2.27' ],
499 silly audit   '@firebase/performance': [ '0.7.12' ],
499 silly audit   '@firebase/performance-compat': [ '0.2.25' ],
499 silly audit   '@firebase/remote-config': [ '0.8.5' ],
499 silly audit   '@firebase/remote-config-compat': [ '0.2.26' ],
499 silly audit   '@firebase/storage': [ '0.14.3' ],
499 silly audit   '@firebase/storage-compat': [ '0.4.3' ],
499 silly audit   '@firebase/util': [ '1.15.1' ],
499 silly audit   '@firebase/app-check-interop-types': [ '0.3.4' ],
499 silly audit   '@firebase/component': [ '0.7.3' ],
499 silly audit   '@firebase/logger': [ '0.5.1' ],
499 silly audit   '@firebase/analytics-types': [ '0.8.4' ],
499 silly audit   idb: [ '7.1.1' ],
499 silly audit   '@firebase/app-check-types': [ '0.5.4' ],
499 silly audit   '@firebase/auth-types': [ '0.13.1' ],
499 silly audit   '@firebase/auth-interop-types': [ '0.2.5' ],
499 silly audit   'faye-websocket': [ '0.11.4' ],
499 silly audit   '@firebase/database-types': [ '1.0.20' ],
499 silly audit   '@firebase/webchannel-wrapper': [ '1.0.6' ],
499 silly audit   '@grpc/grpc-js': [ '1.9.16' ],
499 silly audit   '@grpc/proto-loader': [ '0.7.15' ],
499 silly audit   re2js: [ '0.4.3' ],
499 silly audit   '@firebase/firestore-types': [ '3.0.4' ],
499 silly audit   '@firebase/messaging-interop-types': [ '0.2.5' ],
499 silly audit   '@firebase/functions-types': [ '0.6.4' ],
499 silly audit   '@firebase/installations-types': [ '0.5.4' ],
499 silly audit   'web-vitals': [ '4.2.4' ],
499 silly audit   '@firebase/performance-types': [ '0.2.4' ],
499 silly audit   '@firebase/remote-config-types': [ '0.5.1' ],
499 silly audit   '@firebase/storage-types': [ '0.8.4' ],
499 silly audit   '@types/node': [ '26.0.1' ],
499 silly audit   'lodash.camelcase': [ '4.3.0' ],
499 silly audit   long: [ '5.3.2' ],
499 silly audit   protobufjs: [ '7.6.4' ],
499 silly audit   yargs: [ '17.7.3' ],
499 silly audit   'undici-types': [ '8.3.0' ],
499 silly audit   'websocket-driver': [ '0.7.5' ],
499 silly audit   '@protobufjs/aspromise': [ '1.1.2' ],
499 silly audit   '@protobufjs/base64': [ '1.1.2' ],
499 silly audit   '@protobufjs/codegen': [ '2.0.5' ],
499 silly audit   '@protobufjs/eventemitter': [ '1.1.1' ],
499 silly audit   '@protobufjs/fetch': [ '1.1.1' ],
499 silly audit   '@protobufjs/float': [ '1.0.2' ],
499 silly audit   '@protobufjs/path': [ '1.1.2' ],
499 silly audit   '@protobufjs/pool': [ '1.1.0' ],
499 silly audit   '@protobufjs/utf8': [ '1.1.1' ],
499 silly audit   'http-parser-js': [ '0.5.10' ],
499 silly audit   'safe-buffer': [ '5.2.1' ],
499 silly audit   'websocket-extensions': [ '0.1.4' ],
499 silly audit   cliui: [ '8.0.1' ],
499 silly audit   escalade: [ '3.2.0' ],
499 silly audit   'get-caller-file': [ '2.0.5' ],
499 silly audit   'require-directory': [ '2.1.1' ],
499 silly audit   'string-width': [ '4.2.3' ],
499 silly audit   y18n: [ '5.0.8' ],
499 silly audit   'yargs-parser': [ '21.1.1' ],
499 silly audit   'strip-ansi': [ '6.0.1' ],
499 silly audit   'wrap-ansi': [ '7.0.0' ],
499 silly audit   'emoji-regex': [ '8.0.0' ],
499 silly audit   'is-fullwidth-code-point': [ '3.0.0' ],
499 silly audit   'ansi-regex': [ '5.0.1' ],
499 silly audit   'ansi-styles': [ '4.3.0' ],
499 silly audit   'color-convert': [ '2.0.1' ],
499 silly audit   'color-name': [ '1.1.4' ]
499 silly audit }
500 http cache color-name@https://registry.npmjs.org/color-name/-/color-name-1.1.4.tgz 0ms (cache hit)
501 http cache color-convert@https://registry.npmjs.org/color-convert/-/color-convert-2.0.1.tgz 0ms (cache hit)
502 http cache ansi-styles@https://registry.npmjs.org/ansi-styles/-/ansi-styles-4.3.0.tgz 0ms (cache hit)
503 http cache emoji-regex@https://registry.npmjs.org/emoji-regex/-/emoji-regex-8.0.0.tgz 0ms (cache hit)
504 http cache wrap-ansi@https://registry.npmjs.org/wrap-ansi/-/wrap-ansi-7.0.0.tgz 0ms (cache hit)
505 http cache yargs-parser@https://registry.npmjs.org/yargs-parser/-/yargs-parser-21.1.1.tgz 0ms (cache hit)
506 http cache ansi-regex@https://registry.npmjs.org/ansi-regex/-/ansi-regex-5.0.1.tgz 0ms (cache hit)
507 http cache strip-ansi@https://registry.npmjs.org/strip-ansi/-/strip-ansi-6.0.1.tgz 0ms (cache hit)
508 http cache is-fullwidth-code-point@https://registry.npmjs.org/is-fullwidth-code-point/-/is-fullwidth-code-point-3.0.0.tgz 0ms (cache hit)
509 http cache y18n@https://registry.npmjs.org/y18n/-/y18n-5.0.8.tgz 0ms (cache hit)
510 http cache string-width@https://registry.npmjs.org/string-width/-/string-width-4.2.3.tgz 1ms (cache hit)
511 http cache get-caller-file@https://registry.npmjs.org/get-caller-file/-/get-caller-file-2.0.5.tgz 0ms (cache hit)
512 http cache escalade@https://registry.npmjs.org/escalade/-/escalade-3.2.0.tgz 0ms (cache hit)
513 http cache cliui@https://registry.npmjs.org/cliui/-/cliui-8.0.1.tgz 0ms (cache hit)
514 http cache websocket-extensions@https://registry.npmjs.org/websocket-extensions/-/websocket-extensions-0.1.4.tgz 0ms (cache hit)
515 http cache safe-buffer@https://registry.npmjs.org/safe-buffer/-/safe-buffer-5.2.1.tgz 0ms (cache hit)
516 http cache @protobufjs/utf8@https://registry.npmjs.org/@protobufjs/utf8/-/utf8-1.1.1.tgz 0ms (cache hit)
517 http cache http-parser-js@https://registry.npmjs.org/http-parser-js/-/http-parser-js-0.5.10.tgz 0ms (cache hit)
518 http cache @protobufjs/pool@https://registry.npmjs.org/@protobufjs/pool/-/pool-1.1.0.tgz 0ms (cache hit)
519 http cache @protobufjs/path@https://registry.npmjs.org/@protobufjs/path/-/path-1.1.2.tgz 0ms (cache hit)
520 http cache require-directory@https://registry.npmjs.org/require-directory/-/require-directory-2.1.1.tgz 0ms (cache hit)
521 http cache @protobufjs/fetch@https://registry.npmjs.org/@protobufjs/fetch/-/fetch-1.1.1.tgz 0ms (cache hit)
522 http cache @protobufjs/eventemitter@https://registry.npmjs.org/@protobufjs/eventemitter/-/eventemitter-1.1.1.tgz 0ms (cache hit)
523 http cache @protobufjs/base64@https://registry.npmjs.org/@protobufjs/base64/-/base64-1.1.2.tgz 0ms (cache hit)
524 http cache @protobufjs/float@https://registry.npmjs.org/@protobufjs/float/-/float-1.0.2.tgz 0ms (cache hit)
525 http cache websocket-driver@https://registry.npmjs.org/websocket-driver/-/websocket-driver-0.7.5.tgz 0ms (cache hit)
526 http cache undici-types@https://registry.npmjs.org/undici-types/-/undici-types-8.3.0.tgz 0ms (cache hit)
527 http cache yargs@https://registry.npmjs.org/yargs/-/yargs-17.7.3.tgz 0ms (cache hit)
528 http cache protobufjs@https://registry.npmjs.org/protobufjs/-/protobufjs-7.6.4.tgz 0ms (cache hit)
529 http cache long@https://registry.npmjs.org/long/-/long-5.3.2.tgz 0ms (cache hit)
530 http cache @types/node@https://registry.npmjs.org/@types/node/-/node-26.0.1.tgz 0ms (cache hit)
531 http cache @protobufjs/codegen@https://registry.npmjs.org/@protobufjs/codegen/-/codegen-2.0.5.tgz 0ms (cache hit)
532 http cache @firebase/storage-types@https://registry.npmjs.org/@firebase/storage-types/-/storage-types-0.8.4.tgz 0ms (cache hit)
533 http cache lodash.camelcase@https://registry.npmjs.org/lodash.camelcase/-/lodash.camelcase-4.3.0.tgz 0ms (cache hit)
534 http cache @firebase/performance-types@https://registry.npmjs.org/@firebase/performance-types/-/performance-types-0.2.4.tgz 0ms (cache hit)
535 http cache web-vitals@https://registry.npmjs.org/web-vitals/-/web-vitals-4.2.4.tgz 0ms (cache hit)
536 http cache @protobufjs/aspromise@https://registry.npmjs.org/@protobufjs/aspromise/-/aspromise-1.1.2.tgz 0ms (cache hit)
537 http cache @firebase/remote-config-types@https://registry.npmjs.org/@firebase/remote-config-types/-/remote-config-types-0.5.1.tgz 0ms (cache hit)
538 http cache @firebase/installations-types@https://registry.npmjs.org/@firebase/installations-types/-/installations-types-0.5.4.tgz 0ms (cache hit)
539 http cache @firebase/messaging-interop-types@https://registry.npmjs.org/@firebase/messaging-interop-types/-/messaging-interop-types-0.2.5.tgz 0ms (cache hit)
540 http cache @firebase/firestore-types@https://registry.npmjs.org/@firebase/firestore-types/-/firestore-types-3.0.4.tgz 0ms (cache hit)
541 http cache @firebase/functions-types@https://registry.npmjs.org/@firebase/functions-types/-/functions-types-0.6.4.tgz 0ms (cache hit)
542 http cache re2js@https://registry.npmjs.org/re2js/-/re2js-0.4.3.tgz 0ms (cache hit)
543 http cache @grpc/proto-loader@https://registry.npmjs.org/@grpc/proto-loader/-/proto-loader-0.7.15.tgz 0ms (cache hit)
544 http cache @grpc/grpc-js@https://registry.npmjs.org/@grpc/grpc-js/-/grpc-js-1.9.16.tgz 0ms (cache hit)
545 http cache @firebase/database-types@https://registry.npmjs.org/@firebase/database-types/-/database-types-1.0.20.tgz 0ms (cache hit)
546 http cache faye-websocket@https://registry.npmjs.org/faye-websocket/-/faye-websocket-0.11.4.tgz 0ms (cache hit)
547 http cache @firebase/auth-interop-types@https://registry.npmjs.org/@firebase/auth-interop-types/-/auth-interop-types-0.2.5.tgz 0ms (cache hit)
548 http cache @firebase/webchannel-wrapper@https://registry.npmjs.org/@firebase/webchannel-wrapper/-/webchannel-wrapper-1.0.6.tgz 0ms (cache hit)
549 http cache @firebase/auth-types@https://registry.npmjs.org/@firebase/auth-types/-/auth-types-0.13.1.tgz 0ms (cache hit)
550 http cache @firebase/app-check-types@https://registry.npmjs.org/@firebase/app-check-types/-/app-check-types-0.5.4.tgz 0ms (cache hit)
551 http cache @firebase/logger@https://registry.npmjs.org/@firebase/logger/-/logger-0.5.1.tgz 0ms (cache hit)
552 http cache @firebase/component@https://registry.npmjs.org/@firebase/component/-/component-0.7.3.tgz 0ms (cache hit)
553 http cache idb@https://registry.npmjs.org/idb/-/idb-7.1.1.tgz 0ms (cache hit)
554 http cache @firebase/analytics-types@https://registry.npmjs.org/@firebase/analytics-types/-/analytics-types-0.8.4.tgz 0ms (cache hit)
555 http cache @firebase/util@https://registry.npmjs.org/@firebase/util/-/util-1.15.1.tgz 0ms (cache hit)
556 http cache @firebase/app-check-interop-types@https://registry.npmjs.org/@firebase/app-check-interop-types/-/app-check-interop-types-0.3.4.tgz 0ms (cache hit)
557 http cache @firebase/storage@https://registry.npmjs.org/@firebase/storage/-/storage-0.14.3.tgz 0ms (cache hit)
558 http cache @firebase/storage-compat@https://registry.npmjs.org/@firebase/storage-compat/-/storage-compat-0.4.3.tgz 0ms (cache hit)
559 http cache @firebase/remote-config@https://registry.npmjs.org/@firebase/remote-config/-/remote-config-0.8.5.tgz 0ms (cache hit)
560 http cache @firebase/remote-config-compat@https://registry.npmjs.org/@firebase/remote-config-compat/-/remote-config-compat-0.2.26.tgz 0ms (cache hit)
561 http cache @firebase/performance-compat@https://registry.npmjs.org/@firebase/performance-compat/-/performance-compat-0.2.25.tgz 0ms (cache hit)
562 http cache @firebase/performance@https://registry.npmjs.org/@firebase/performance/-/performance-0.7.12.tgz 0ms (cache hit)
563 http cache @firebase/messaging-compat@https://registry.npmjs.org/@firebase/messaging-compat/-/messaging-compat-0.2.27.tgz 0ms (cache hit)
564 http cache @firebase/messaging@https://registry.npmjs.org/@firebase/messaging/-/messaging-0.13.0.tgz 0ms (cache hit)
565 http cache @firebase/installations-compat@https://registry.npmjs.org/@firebase/installations-compat/-/installations-compat-0.2.22.tgz 0ms (cache hit)
566 http cache @firebase/installations@https://registry.npmjs.org/@firebase/installations/-/installations-0.6.22.tgz 0ms (cache hit)
567 http cache @firebase/functions-compat@https://registry.npmjs.org/@firebase/functions-compat/-/functions-compat-0.4.5.tgz 0ms (cache hit)
568 http cache @firebase/firestore-compat@https://registry.npmjs.org/@firebase/firestore-compat/-/firestore-compat-0.4.11.tgz 0ms (cache hit)
569 http cache @firebase/database-compat@https://registry.npmjs.org/@firebase/database-compat/-/database-compat-2.1.4.tgz 0ms (cache hit)
570 http cache @firebase/firestore@https://registry.npmjs.org/@firebase/firestore/-/firestore-4.16.0.tgz 0ms (cache hit)
571 http cache @firebase/database@https://registry.npmjs.org/@firebase/database/-/database-1.1.3.tgz 0ms (cache hit)
572 http cache @firebase/functions@https://registry.npmjs.org/@firebase/functions/-/functions-0.13.5.tgz 0ms (cache hit)
573 http cache @firebase/auth-compat@https://registry.npmjs.org/@firebase/auth-compat/-/auth-compat-0.6.8.tgz 0ms (cache hit)
574 http cache @firebase/data-connect@https://registry.npmjs.org/@firebase/data-connect/-/data-connect-0.7.1.tgz 0ms (cache hit)
575 http cache @firebase/app-check-compat@https://registry.npmjs.org/@firebase/app-check-compat/-/app-check-compat-0.4.5.tgz 0ms (cache hit)
576 http cache @firebase/auth@https://registry.npmjs.org/@firebase/auth/-/auth-1.13.3.tgz 0ms (cache hit)
577 http cache @firebase/app-check@https://registry.npmjs.org/@firebase/app-check/-/app-check-0.12.0.tgz 0ms (cache hit)
578 http cache @firebase/app-compat@https://registry.npmjs.org/@firebase/app-compat/-/app-compat-0.5.14.tgz 0ms (cache hit)
579 http cache @firebase/analytics-compat@https://registry.npmjs.org/@firebase/analytics-compat/-/analytics-compat-0.2.28.tgz 0ms (cache hit)
580 http cache @firebase/analytics@https://registry.npmjs.org/@firebase/analytics/-/analytics-0.10.22.tgz 0ms (cache hit)
581 http cache @firebase/app-types@https://registry.npmjs.org/@firebase/app-types/-/app-types-0.9.5.tgz 0ms (cache hit)
582 http cache @firebase/app@https://registry.npmjs.org/@firebase/app/-/app-0.15.0.tgz 0ms (cache hit)
583 http cache firebase@https://registry.npmjs.org/firebase/-/firebase-12.15.0.tgz 0ms (cache hit)
584 http cache tslib@https://registry.npmjs.org/tslib/-/tslib-2.8.1.tgz 0ms (cache hit)
585 http cache fsevents@https://registry.npmjs.org/fsevents/-/fsevents-2.3.3.tgz 0ms (cache hit)
586 http cache @firebase/ai@https://registry.npmjs.org/@firebase/ai/-/ai-2.13.1.tgz 0ms (cache hit)
587 silly tarball no local data for websocket-driver@https://registry.npmjs.org/websocket-driver/-/websocket-driver-0.7.5.tgz. Extracting by manifest.
588 silly tarball no local data for yargs@https://registry.npmjs.org/yargs/-/yargs-17.7.3.tgz. Extracting by manifest.
589 silly tarball no local data for @types/node@https://registry.npmjs.org/@types/node/-/node-26.0.1.tgz. Extracting by manifest.
590 silly tarball no local data for @firebase/performance-types@https://registry.npmjs.org/@firebase/performance-types/-/performance-types-0.2.4.tgz. Extracting by manifest.
591 silly tarball no local data for web-vitals@https://registry.npmjs.org/web-vitals/-/web-vitals-4.2.4.tgz. Extracting by manifest.
592 silly tarball no local data for @firebase/remote-config-types@https://registry.npmjs.org/@firebase/remote-config-types/-/remote-config-types-0.5.1.tgz. Extracting by manifest.
593 silly tarball no local data for @firebase/installations-types@https://registry.npmjs.org/@firebase/installations-types/-/installations-types-0.5.4.tgz. Extracting by manifest.
594 silly tarball no local data for @firebase/messaging-interop-types@https://registry.npmjs.org/@firebase/messaging-interop-types/-/messaging-interop-types-0.2.5.tgz. Extracting by manifest.
595 silly tarball no local data for protobufjs@https://registry.npmjs.org/protobufjs/-/protobufjs-7.6.4.tgz. Extracting by manifest.
596 silly tarball no local data for @firebase/storage-types@https://registry.npmjs.org/@firebase/storage-types/-/storage-types-0.8.4.tgz. Extracting by manifest.
597 silly tarball no local data for @firebase/firestore-types@https://registry.npmjs.org/@firebase/firestore-types/-/firestore-types-3.0.4.tgz. Extracting by manifest.
598 silly tarball no local data for undici-types@https://registry.npmjs.org/undici-types/-/undici-types-8.3.0.tgz. Extracting by manifest.
599 silly tarball no local data for @firebase/functions-types@https://registry.npmjs.org/@firebase/functions-types/-/functions-types-0.6.4.tgz. Extracting by manifest.
600 silly tarball no local data for re2js@https://registry.npmjs.org/re2js/-/re2js-0.4.3.tgz. Extracting by manifest.
601 silly tarball no local data for @grpc/grpc-js@https://registry.npmjs.org/@grpc/grpc-js/-/grpc-js-1.9.16.tgz. Extracting by manifest.
602 silly tarball no local data for @firebase/app-check-types@https://registry.npmjs.org/@firebase/app-check-types/-/app-check-types-0.5.4.tgz. Extracting by manifest.
603 silly tarball no local data for idb@https://registry.npmjs.org/idb/-/idb-7.1.1.tgz. Extracting by manifest.
604 silly tarball no local data for @firebase/analytics-types@https://registry.npmjs.org/@firebase/analytics-types/-/analytics-types-0.8.4.tgz. Extracting by manifest.
605 silly tarball no local data for @firebase/auth-types@https://registry.npmjs.org/@firebase/auth-types/-/auth-types-0.13.1.tgz. Extracting by manifest.
606 silly tarball no local data for @firebase/webchannel-wrapper@https://registry.npmjs.org/@firebase/webchannel-wrapper/-/webchannel-wrapper-1.0.6.tgz. Extracting by manifest.
607 silly tarball no local data for @firebase/storage@https://registry.npmjs.org/@firebase/storage/-/storage-0.14.3.tgz. Extracting by manifest.
608 silly tarball no local data for @firebase/storage-compat@https://registry.npmjs.org/@firebase/storage-compat/-/storage-compat-0.4.3.tgz. Extracting by manifest.
609 silly tarball no local data for @firebase/remote-config@https://registry.npmjs.org/@firebase/remote-config/-/remote-config-0.8.5.tgz. Extracting by manifest.
610 silly tarball no local data for @firebase/performance-compat@https://registry.npmjs.org/@firebase/performance-compat/-/performance-compat-0.2.25.tgz. Extracting by manifest.
611 silly tarball no local data for @firebase/remote-config-compat@https://registry.npmjs.org/@firebase/remote-config-compat/-/remote-config-compat-0.2.26.tgz. Extracting by manifest.
612 silly tarball no local data for @firebase/performance@https://registry.npmjs.org/@firebase/performance/-/performance-0.7.12.tgz. Extracting by manifest.
613 silly tarball no local data for @firebase/messaging-compat@https://registry.npmjs.org/@firebase/messaging-compat/-/messaging-compat-0.2.27.tgz. Extracting by manifest.
614 silly tarball no local data for @firebase/messaging@https://registry.npmjs.org/@firebase/messaging/-/messaging-0.13.0.tgz. Extracting by manifest.
615 silly tarball no local data for @firebase/installations-compat@https://registry.npmjs.org/@firebase/installations-compat/-/installations-compat-0.2.22.tgz. Extracting by manifest.
616 silly tarball no local data for @firebase/installations@https://registry.npmjs.org/@firebase/installations/-/installations-0.6.22.tgz. Extracting by manifest.
617 silly tarball no local data for @firebase/functions-compat@https://registry.npmjs.org/@firebase/functions-compat/-/functions-compat-0.4.5.tgz. Extracting by manifest.
618 silly tarball no local data for @firebase/firestore-compat@https://registry.npmjs.org/@firebase/firestore-compat/-/firestore-compat-0.4.11.tgz. Extracting by manifest.
619 silly tarball no local data for @firebase/firestore@https://registry.npmjs.org/@firebase/firestore/-/firestore-4.16.0.tgz. Extracting by manifest.
620 silly tarball no local data for @firebase/functions@https://registry.npmjs.org/@firebase/functions/-/functions-0.13.5.tgz. Extracting by manifest.
621 silly tarball no local data for @firebase/auth-compat@https://registry.npmjs.org/@firebase/auth-compat/-/auth-compat-0.6.8.tgz. Extracting by manifest.
622 silly tarball no local data for @firebase/data-connect@https://registry.npmjs.org/@firebase/data-connect/-/data-connect-0.7.1.tgz. Extracting by manifest.
623 silly tarball no local data for @firebase/app-check-compat@https://registry.npmjs.org/@firebase/app-check-compat/-/app-check-compat-0.4.5.tgz. Extracting by manifest.
624 silly tarball no local data for @firebase/auth@https://registry.npmjs.org/@firebase/auth/-/auth-1.13.3.tgz. Extracting by manifest.
625 silly tarball no local data for @firebase/app-check@https://registry.npmjs.org/@firebase/app-check/-/app-check-0.12.0.tgz. Extracting by manifest.
626 silly tarball no local data for @firebase/app-compat@https://registry.npmjs.org/@firebase/app-compat/-/app-compat-0.5.14.tgz. Extracting by manifest.
627 silly tarball no local data for @firebase/analytics-compat@https://registry.npmjs.org/@firebase/analytics-compat/-/analytics-compat-0.2.28.tgz. Extracting by manifest.
628 silly tarball no local data for @firebase/analytics@https://registry.npmjs.org/@firebase/analytics/-/analytics-0.10.22.tgz. Extracting by manifest.
629 silly tarball no local data for @firebase/app@https://registry.npmjs.org/@firebase/app/-/app-0.15.0.tgz. Extracting by manifest.
630 silly tarball no local data for firebase@https://registry.npmjs.org/firebase/-/firebase-12.15.0.tgz. Extracting by manifest.
631 silly tarball no local data for @firebase/ai@https://registry.npmjs.org/@firebase/ai/-/ai-2.13.1.tgz. Extracting by manifest.
632 http fetch POST 200 https://registry.npmjs.org/-/npm/v1/security/advisories/bulk 283ms
633 silly audit report {}
634 http fetch GET 200 https://registry.npmjs.org/@firebase/remote-config-types/-/remote-config-types-0.5.1.tgz 341ms (cache miss)
635 http fetch GET 200 https://registry.npmjs.org/@firebase/performance-types/-/performance-types-0.2.4.tgz 351ms (cache miss)
636 http fetch GET 200 https://registry.npmjs.org/@firebase/app-check-types/-/app-check-types-0.5.4.tgz 350ms (cache miss)
637 http fetch GET 200 https://registry.npmjs.org/@firebase/analytics-types/-/analytics-types-0.8.4.tgz 349ms (cache miss)
638 http fetch GET 200 https://registry.npmjs.org/@firebase/auth-types/-/auth-types-0.13.1.tgz 361ms (cache miss)
639 http fetch GET 200 https://registry.npmjs.org/@firebase/performance-compat/-/performance-compat-0.2.25.tgz 406ms (cache miss)
640 http fetch GET 200 https://registry.npmjs.org/@firebase/installations-types/-/installations-types-0.5.4.tgz 439ms (cache miss)
641 http fetch GET 200 https://registry.npmjs.org/@firebase/functions-types/-/functions-types-0.6.4.tgz 461ms (cache miss)
642 http fetch GET 200 https://registry.npmjs.org/@firebase/messaging-compat/-/messaging-compat-0.2.27.tgz 456ms (cache miss)
643 http fetch GET 200 https://registry.npmjs.org/@firebase/firestore-types/-/firestore-types-3.0.4.tgz 473ms (cache miss)
644 http fetch GET 200 https://registry.npmjs.org/@firebase/storage-types/-/storage-types-0.8.4.tgz 481ms (cache miss)
645 http fetch GET 200 https://registry.npmjs.org/@firebase/installations-compat/-/installations-compat-0.2.22.tgz 471ms (cache miss)
646 http fetch GET 200 https://registry.npmjs.org/@firebase/remote-config-compat/-/remote-config-compat-0.2.26.tgz 486ms (cache miss)
647 http fetch GET 200 https://registry.npmjs.org/@firebase/messaging-interop-types/-/messaging-interop-types-0.2.5.tgz 544ms (cache miss)
648 http fetch GET 200 https://registry.npmjs.org/idb/-/idb-7.1.1.tgz 580ms (cache miss)
649 http fetch GET 200 https://registry.npmjs.org/@firebase/analytics-compat/-/analytics-compat-0.2.28.tgz 577ms (cache miss)
650 http fetch GET 200 https://registry.npmjs.org/websocket-driver/-/websocket-driver-0.7.5.tgz 754ms (cache miss)
651 http fetch GET 200 https://registry.npmjs.org/@firebase/webchannel-wrapper/-/webchannel-wrapper-1.0.6.tgz 775ms (cache miss)
652 http fetch GET 200 https://registry.npmjs.org/undici-types/-/undici-types-8.3.0.tgz 789ms (cache miss)
653 http fetch GET 200 https://registry.npmjs.org/@firebase/app-check-compat/-/app-check-compat-0.4.5.tgz 802ms (cache miss)
654 http fetch GET 200 https://registry.npmjs.org/@firebase/functions-compat/-/functions-compat-0.4.5.tgz 822ms (cache miss)
655 http fetch GET 200 https://registry.npmjs.org/@firebase/storage-compat/-/storage-compat-0.4.3.tgz 1063ms (cache miss)
656 http fetch GET 200 https://registry.npmjs.org/@firebase/functions/-/functions-0.13.5.tgz 1119ms (cache miss)
657 http fetch GET 200 https://registry.npmjs.org/yargs/-/yargs-17.7.3.tgz 1204ms (cache miss)
658 http fetch GET 200 https://registry.npmjs.org/@firebase/app-compat/-/app-compat-0.5.14.tgz 1383ms (cache miss)
659 http fetch GET 200 https://registry.npmjs.org/re2js/-/re2js-0.4.3.tgz 1515ms (cache miss)
660 http fetch GET 200 https://registry.npmjs.org/@firebase/analytics/-/analytics-0.10.22.tgz 1530ms (cache miss)
661 http fetch GET 200 https://registry.npmjs.org/@types/node/-/node-26.0.1.tgz 1560ms (cache miss)
662 http fetch GET 200 https://registry.npmjs.org/@firebase/remote-config/-/remote-config-0.8.5.tgz 1600ms (cache miss)
663 http fetch GET 200 https://registry.npmjs.org/@firebase/app/-/app-0.15.0.tgz 1596ms (cache miss)
664 http fetch GET 200 https://registry.npmjs.org/@firebase/performance/-/performance-0.7.12.tgz 1616ms (cache miss)
665 http fetch GET 200 https://registry.npmjs.org/@firebase/app-check/-/app-check-0.12.0.tgz 1663ms (cache miss)
666 http fetch GET 200 https://registry.npmjs.org/@firebase/installations/-/installations-0.6.22.tgz 1812ms (cache miss)
667 http fetch GET 200 https://registry.npmjs.org/protobufjs/-/protobufjs-7.6.4.tgz 1886ms (cache miss)
668 http fetch GET 200 https://registry.npmjs.org/@firebase/auth-compat/-/auth-compat-0.6.8.tgz 1929ms (cache miss)
669 http fetch GET 200 https://registry.npmjs.org/@firebase/firestore-compat/-/firestore-compat-0.4.11.tgz 1956ms (cache miss)
670 http fetch GET 200 https://registry.npmjs.org/web-vitals/-/web-vitals-4.2.4.tgz 2112ms (cache miss)
671 http fetch GET 200 https://registry.npmjs.org/@firebase/storage/-/storage-0.14.3.tgz 2100ms (cache miss)
672 http fetch GET 200 https://registry.npmjs.org/@firebase/data-connect/-/data-connect-0.7.1.tgz 2098ms (cache miss)
673 http fetch GET 200 https://registry.npmjs.org/@firebase/messaging/-/messaging-0.13.0.tgz 2148ms (cache miss)
674 http fetch GET 200 https://registry.npmjs.org/@firebase/ai/-/ai-2.13.1.tgz 2204ms (cache miss)
675 http fetch GET 200 https://registry.npmjs.org/@grpc/grpc-js/-/grpc-js-1.9.16.tgz 3422ms (cache miss)
676 http fetch GET 200 https://registry.npmjs.org/@firebase/auth/-/auth-1.13.3.tgz 5019ms (cache miss)
677 http fetch GET 200 https://registry.npmjs.org/@firebase/firestore/-/firestore-4.16.0.tgz 6469ms (cache miss)
678 http fetch GET 200 https://registry.npmjs.org/firebase/-/firebase-12.15.0.tgz 6901ms (cache miss)
679 info run @firebase/util@1.15.1 postinstall node_modules/@firebase/util node ./postinstall.js
680 info run protobufjs@7.6.4 postinstall node_modules/protobufjs node scripts/postinstall
681 info run @firebase/util@1.15.1 postinstall { code: 0, signal: null }
682 info run protobufjs@7.6.4 postinstall { code: 0, signal: null }
683 silly ADD node_modules/color-name
684 silly ADD node_modules/color-convert
685 silly ADD node_modules/ansi-styles
686 silly ADD node_modules/ansi-regex
687 silly ADD node_modules/is-fullwidth-code-point
688 silly ADD node_modules/emoji-regex
689 silly ADD node_modules/wrap-ansi
690 silly ADD node_modules/strip-ansi
691 silly ADD node_modules/yargs-parser
692 silly ADD node_modules/y18n
693 silly ADD node_modules/string-width
694 silly ADD node_modules/require-directory
695 silly ADD node_modules/get-caller-file
696 silly ADD node_modules/escalade
697 silly ADD node_modules/cliui
698 silly ADD node_modules/websocket-extensions
699 silly ADD node_modules/safe-buffer
700 silly ADD node_modules/http-parser-js
701 silly ADD node_modules/@protobufjs/utf8
702 silly ADD node_modules/@protobufjs/pool
703 silly ADD node_modules/@protobufjs/path
704 silly ADD node_modules/@protobufjs/float
705 silly ADD node_modules/@protobufjs/fetch
706 silly ADD node_modules/@protobufjs/eventemitter
707 silly ADD node_modules/@protobufjs/codegen
708 silly ADD node_modules/@protobufjs/base64
709 silly ADD node_modules/@protobufjs/aspromise
710 silly ADD node_modules/websocket-driver
711 silly ADD node_modules/undici-types
712 silly ADD node_modules/yargs
713 silly ADD node_modules/protobufjs
714 silly ADD node_modules/long
715 silly ADD node_modules/lodash.camelcase
716 silly ADD node_modules/@types/node
717 silly ADD node_modules/@firebase/storage-types
718 silly ADD node_modules/@firebase/remote-config-types
719 silly ADD node_modules/@firebase/performance-types
720 silly ADD node_modules/web-vitals
721 silly ADD node_modules/@firebase/installations-types
722 silly ADD node_modules/@firebase/functions-types
723 silly ADD node_modules/@firebase/messaging-interop-types
724 silly ADD node_modules/@firebase/firestore-types
725 silly ADD node_modules/re2js
726 silly ADD node_modules/@grpc/proto-loader
727 silly ADD node_modules/@grpc/grpc-js
728 silly ADD node_modules/@firebase/webchannel-wrapper
729 silly ADD node_modules/@firebase/database-types
730 silly ADD node_modules/faye-websocket
731 silly ADD node_modules/@firebase/auth-interop-types
732 silly ADD node_modules/@firebase/auth-types
733 silly ADD node_modules/@firebase/app-check-types
734 silly ADD node_modules/idb
735 silly ADD node_modules/@firebase/analytics-types
736 silly ADD node_modules/@firebase/logger
737 silly ADD node_modules/@firebase/component
738 silly ADD node_modules/@firebase/app-check-interop-types
739 silly ADD node_modules/@firebase/util
740 silly ADD node_modules/@firebase/storage-compat
741 silly ADD node_modules/@firebase/storage
742 silly ADD node_modules/@firebase/remote-config-compat
743 silly ADD node_modules/@firebase/remote-config
744 silly ADD node_modules/@firebase/performance-compat
745 silly ADD node_modules/@firebase/performance
746 silly ADD node_modules/@firebase/messaging-compat
747 silly ADD node_modules/@firebase/messaging
748 silly ADD node_modules/@firebase/installations-compat
749 silly ADD node_modules/@firebase/installations
750 silly ADD node_modules/@firebase/functions-compat
751 silly ADD node_modules/@firebase/functions
752 silly ADD node_modules/@firebase/firestore-compat
753 silly ADD node_modules/@firebase/firestore
754 silly ADD node_modules/@firebase/database-compat
755 silly ADD node_modules/@firebase/database
756 silly ADD node_modules/@firebase/data-connect
757 silly ADD node_modules/@firebase/auth-compat
758 silly ADD node_modules/@firebase/auth
759 silly ADD node_modules/@firebase/app-check-compat
760 silly ADD node_modules/@firebase/app-check
761 silly ADD node_modules/@firebase/app-compat
762 silly ADD node_modules/@firebase/analytics-compat
763 silly ADD node_modules/@firebase/analytics
764 silly ADD node_modules/@firebase/app-types
765 silly ADD node_modules/@firebase/app
766 silly ADD node_modules/@firebase/ai
767 silly ADD node_modules/firebase
768 silly ADD node_modules/tslib
769 silly ADD node_modules/fsevents
770 verbose cwd /Users/shoheikaneko/Desktop/antigravity_かね将ポータル/public_web
771 verbose os Darwin 24.6.0
772 verbose node v24.14.0
773 verbose npm  v11.9.0
774 verbose exit 0
775 info ok
