[debug] [2026-07-23T04:47:56.309Z] ----------------------------------------------------------------------
[debug] [2026-07-23T04:47:56.313Z] Command:       /usr/local/bin/node /usr/local/bin/firebase serve --only hosting --port 5000
[debug] [2026-07-23T04:47:56.313Z] CLI Version:   15.11.0
[debug] [2026-07-23T04:47:56.313Z] Platform:      darwin
[debug] [2026-07-23T04:47:56.313Z] Node Version:  v24.14.0
[debug] [2026-07-23T04:47:56.314Z] Time:          Thu Jul 23 2026 13:47:56 GMT+0900 (Japan Standard Time)
[debug] [2026-07-23T04:47:56.314Z] ----------------------------------------------------------------------
[debug] 
[debug] [2026-07-23T04:47:57.189Z] > command requires scopes: ["email","openid","https://www.googleapis.com/auth/cloudplatformprojects.readonly","https://www.googleapis.com/auth/firebase","https://www.googleapis.com/auth/cloud-platform"]
[debug] [2026-07-23T04:47:57.190Z] > authorizing via signed-in user (shohei.kaneko@kaneshow.jp)
[debug] [2026-07-23T04:47:57.190Z] [iam] checking project kaneshow-portal for permissions ["firebase.projects.get"]
[debug] [2026-07-23T04:47:57.191Z] Checked if tokens are valid: true, expires at: 1784784966819
[debug] [2026-07-23T04:47:57.191Z] Checked if tokens are valid: true, expires at: 1784784966819
[debug] [2026-07-23T04:47:57.191Z] >>> [apiv2][query] POST https://cloudresourcemanager.googleapis.com/v1/projects/kaneshow-portal:testIamPermissions [none]
[debug] [2026-07-23T04:47:57.191Z] >>> [apiv2][(partial)header] POST https://cloudresourcemanager.googleapis.com/v1/projects/kaneshow-portal:testIamPermissions  x-goog-user-project=kaneshow-portal
[debug] [2026-07-23T04:47:57.192Z] >>> [apiv2][body] POST https://cloudresourcemanager.googleapis.com/v1/projects/kaneshow-portal:testIamPermissions {"permissions":["firebase.projects.get"]}
[debug] [2026-07-23T04:47:57.989Z] <<< [apiv2][status] POST https://cloudresourcemanager.googleapis.com/v1/projects/kaneshow-portal:testIamPermissions 200
[debug] [2026-07-23T04:47:57.989Z] <<< [apiv2][body] POST https://cloudresourcemanager.googleapis.com/v1/projects/kaneshow-portal:testIamPermissions {"permissions":["firebase.projects.get"]}
[debug] [2026-07-23T04:47:57.990Z] Checked if tokens are valid: true, expires at: 1784784966819
[debug] [2026-07-23T04:47:57.990Z] Checked if tokens are valid: true, expires at: 1784784966819
[debug] [2026-07-23T04:47:57.990Z] >>> [apiv2][query] GET https://cloudresourcemanager.googleapis.com/v1/projects/kaneshow-portal [none]
[debug] [2026-07-23T04:47:58.192Z] <<< [apiv2][status] GET https://cloudresourcemanager.googleapis.com/v1/projects/kaneshow-portal 200
[debug] [2026-07-23T04:47:58.192Z] <<< [apiv2][body] GET https://cloudresourcemanager.googleapis.com/v1/projects/kaneshow-portal {"projectNumber":"189543945539","projectId":"kaneshow-portal","lifecycleState":"ACTIVE","name":"kaneshow-portal","labels":{"firebase":"enabled","firebase-core":"disabled"},"createTime":"2026-03-21T13:20:47.816Z","parent":{"type":"organization","id":"127367376681"}}
[debug] [2026-07-23T04:47:58.194Z] Checked if tokens are valid: true, expires at: 1784784966819
[debug] [2026-07-23T04:47:58.194Z] Checked if tokens are valid: true, expires at: 1784784966819
[debug] [2026-07-23T04:47:58.194Z] >>> [apiv2][query] GET https://firebasehosting.googleapis.com/v1beta1/projects/kaneshow-portal/sites 
[debug] [2026-07-23T04:47:59.324Z] <<< [apiv2][status] GET https://firebasehosting.googleapis.com/v1beta1/projects/kaneshow-portal/sites 200
[debug] [2026-07-23T04:47:59.324Z] <<< [apiv2][body] GET https://firebasehosting.googleapis.com/v1beta1/projects/kaneshow-portal/sites {"sites":[{"name":"projects/kaneshow-portal/sites/kaneshow-official","defaultUrl":"https://kaneshow-official.web.app","type":"USER_SITE"},{"name":"projects/kaneshow-portal/sites/kaneshow-portal","defaultUrl":"https://kaneshow-portal.web.app","appId":"1:189543945539:web:390c5d84ddcd5354f94bf6","type":"DEFAULT_SITE"}]}
[debug] [2026-07-23T04:47:59.325Z] Checked if tokens are valid: true, expires at: 1784784966819
[debug] [2026-07-23T04:47:59.325Z] Checked if tokens are valid: true, expires at: 1784784966819
[debug] [2026-07-23T04:47:59.325Z] >>> [apiv2][query] GET https://firebase.googleapis.com/v1beta1/projects/kaneshow-portal/webApps/1:189543945539:web:390c5d84ddcd5354f94bf6/config [none]
[debug] [2026-07-23T04:48:01.602Z] <<< [apiv2][status] GET https://firebase.googleapis.com/v1beta1/projects/kaneshow-portal/webApps/1:189543945539:web:390c5d84ddcd5354f94bf6/config 200
[debug] [2026-07-23T04:48:01.603Z] <<< [apiv2][body] GET https://firebase.googleapis.com/v1beta1/projects/kaneshow-portal/webApps/1:189543945539:web:390c5d84ddcd5354f94bf6/config {"projectId":"kaneshow-portal","appId":"1:189543945539:web:390c5d84ddcd5354f94bf6","storageBucket":"kaneshow-portal.firebasestorage.app","apiKey":"AIzaSyA8W2r7QmhTfdVwh-jcAKbv3zE9gBZd-rk","authDomain":"kaneshow-portal.firebaseapp.com","messagingSenderId":"189543945539","measurementId":"G-BGK2G4PPWC","projectNumber":"189543945539","version":"2"}
[debug] [2026-07-23T04:48:01.631Z] Checked if tokens are valid: true, expires at: 1784784966819
[debug] [2026-07-23T04:48:01.631Z] Checked if tokens are valid: true, expires at: 1784784966819
[debug] [2026-07-23T04:48:01.632Z] >>> [apiv2][query] GET https://firebase.googleapis.com/v1beta1/projects/kaneshow-portal [none]
[debug] [2026-07-23T04:48:01.958Z] <<< [apiv2][status] GET https://firebase.googleapis.com/v1beta1/projects/kaneshow-portal 200
[debug] [2026-07-23T04:48:01.958Z] <<< [apiv2][body] GET https://firebase.googleapis.com/v1beta1/projects/kaneshow-portal {"projectId":"kaneshow-portal","projectNumber":"189543945539","displayName":"kaneshow-portal","name":"projects/kaneshow-portal","resources":{"hostingSite":"kaneshow-portal"},"state":"ACTIVE","labels":{"firebase":"enabled","firebase/storage-default-bucket":"created"},"etag":"1_556f344e-a44a-416a-8163-4f5149f6d677"}
[info] ✔  hosting[kaneshow-portal]: Local server: http://localhost:5002 {"metadata":{"emulator":{"name":"hosting"},"message":"Local server: http://localhost:5002"}}
